[backblue.gif]
[fade.gif]
[index.html]
[apis.google.com/js/platform.js]
[www.hoodamath.com/math-games.js]
[pagead2.googlesyndication.com/pagead/js/f.txt]
[pagead2.googlesyndication.com/pagead/js/f2454.txt]
[cse.google.com/f0155.txt]
[www.hoodamath.com/games/snowrider3d.html]
[www.hoodamath.com/games/index.html]
[www.hoodamath.com/games/christmas.html]
[www.hoodamath.com/games/kindergarten.html]
[www.hoodamath.com/games/first-grade.html]
[www.hoodamath.com/games/second-grade.html]
[www.hoodamath.com/games/third-grade.html]
[www.hoodamath.com/games/fourth-grade.html]
[www.hoodamath.com/games/fifth-grade.html]
[www.hoodamath.com/games/sixth-grade.html]
[www.hoodamath.com/games/seventh-grade.html]
[www.hoodamath.com/games/eighth-grade.html]
[www.hoodamath.com/games/highschool.html]
[www.hoodamath.com/games/addition.html]
[www.hoodamath.com/games/subtraction.html]
[www.hoodamath.com/games/multiplication.html]
[www.hoodamath.com/games/division.html]
[www.hoodamath.com/games/fraction.html]
[www.hoodamath.com/games/integer.html]
[www.hoodamath.com/games/algebra.html]
[www.hoodamath.com/games/papas.html]
[www.hoodamath.com/games/escape.html]
[www.hoodamath.com/games/math.html]
[www.hoodamath.com/games/2player.html]
[www.hoodamath.com/games/cooking.html]
[www.hoodamath.com/games/shop.html]
[www.hoodamath.com/games/solitaire.html]
[www.hoodamath.com/games/grow.html]
[www.hoodamath.com/games/logic.html]
[www.hoodamath.com/games/geometry.html]
[www.hoodamath.com/games/physics.html]
[www.hoodamath.com/games/memory.html]
[www.hoodamath.com/games/board.html]
[www.hoodamath.com/games/sports.html]
[www.hoodamath.com/games/run.html]
[www.hoodamath.com/games/clicker.html]
[www.hoodamath.com/games/number.html]
[www.hoodamath.com/games/word.html]
[www.hoodamath.com/games/parking.html]
[www.hoodamath.com/games/car.html]
[www.hoodamath.com/games/soccer.html]
[www.hoodamath.com/games/2048.html]
[www.hoodamath.com/games/unblocked.html]
[www.hoodamath.com/ruffle-24-08/ruffle.js]
[www.hoodamath.com/games/growtree.html]
[www.hoodamath.com/games/3dsantarun.html]
[www.hoodamath.com/ruffle-24-04/ruffle.js]
[www.hoodamath.com/games/losthead.html]
[www.hoodamath.com/games/mustescapetheshoppingmall.html]
[www.hoodamath.com/games/amazingescapenorthpole.html]
[www.hoodamath.com/games/snowballfortescape.html]
[www.hoodamath.com/games/grayscaleescapechristmas.html]
[www.hoodamath.com/games/hoodaroomescape4.html]
[www.hoodamath.com/games/mergecash.html]
[www.hoodamath.com/games/additionjeep.html]
[www.hoodamath.com/games/multiplicationskydiver.html]
[www.hoodamath.com/games/watermelongame.html]
[www.hoodamath.com/games/wheeliebike.html]
[www.hoodamath.com/games/combinationlock.html]
[www.hoodamath.com/games/colorfill.html]
[www.hoodamath.com/games/rollyvortex.html]
[www.hoodamath.com/games/risehigher.html]
[www.hoodamath.com/games/stackyduck.html]
[www.hoodamath.com/games/oblong.html]
[www.hoodamath.com/games/driftboss.html]
[www.hoodamath.com/games/swingmonkey.html]
[www.hoodamath.com/games/golffield2.html]
[www.hoodamath.com/games/lemonadestand.html]
[www.hoodamath.com/games/americanfootballkicks.html]
[www.hoodamath.com/games/donutstand.html]
[www.hoodamath.com/games/petstand.html]
[www.hoodamath.com/games/movethepin.html]
[www.hoodamath.com/games/basketgoal.html]
[www.hoodamath.com/games/phantomb.html]
[www.hoodamath.com/games/fallingcubes.html]
[www.hoodamath.com/games/flipduck.html]
[www.hoodamath.com/games/carrotcrave.html]
[www.hoodamath.com/games/shortcutrace.html]
[www.hoodamath.com/games/spaceminer.html]
[www.hoodamath.com/games/stickninja.html]
[www.hoodamath.com/games/swingrobber.html]
[www.hoodamath.com/games/hoodastacker.html]
[www.hoodamath.com/games/hoodadissection.html]
[www.hoodamath.com/games/hoodaremover.html]
[www.hoodamath.com/games/hoodastacker2.html]
[www.hoodamath.com/games/omitorange.html]
[www.hoodamath.com/games/omitorange2.html]
[www.hoodamath.com/games/feedthefigures.html]
[www.hoodamath.com/games/feedthefigures2.html]
[www.hoodamath.com/games/cliffdiving.html]
[www.hoodamath.com/games/quiz.html]
[www.hoodamath.com/games/hoodaescapetrickortreat2024.html]
[www.hoodamath.com/games/halloweenknife.html]
[www.hoodamath.com/games/divisionderby.html]
[www.hoodamath.com/games/papashotdoggeria.html]
[static.arcademics.com/games-html5/arcademics.js]
[www.hoodamath.com/games/halloween.html]
[www.hoodamath.com/games/spacebarclicker.html]
[www.hoodamath.com/games/hoodaescapehauntedhouse2024.html]
[www.hoodamath.com/games/pianotiles.html]
[www.hoodamath.com/games/spaceracemultiplication.html]
[www.hoodamath.com/games/papasfreezeria.html]
[www.hoodamath.com/games/hauntthehouse.html]
[www.hoodamath.com/games/hoodaescapepumpkinpatch2024.html]
[www.hoodamath.com/games/pumpkinremover.html]
[www.hoodamath.com/games/multiplicationgrandprix.html]
[www.hoodamath.com/games/papaspastaria.html]
[www.hoodamath.com/games/graveyardsnake.html]
[www.hoodamath.com/games/papasbakeria.html]
[www.hoodamath.com/games/papascheeseria.html]
[www.hoodamath.com/games/hoodaescapecanada2024.html]
[www.hoodamath.com/games/kittenmatchaddition.html]
[www.hoodamath.com/games/duckyracesubtraction.html]
[www.hoodamath.com/games/tugteamtractormultiplication.html]
[www.hoodamath.com/games/measureandmixblueberrymuffins.html]
[www.hoodamath.com/games/measureandmixchocolatecake.html]
[www.hoodamath.com/games/mealmasters.html]
[www.hoodamath.com/games/fantasticchefpeachcobbler.html]
[www.hoodamath.com/games/ducklife5treasurehunt.html]
[www.hoodamath.com/games/learntofly.html]
[www.hoodamath.com/games/hoodatinyfishing.html]
[www.hoodamath.com/games/klondikesolitaire.html]
[www.hoodamath.com/games/pyramidsolitaire.html]
[www.hoodamath.com/games/freecellsolitaire.html]
[www.hoodamath.com/games/tripeakssolitaire.html]
[www.hoodamath.com/games/growschool.html]
[www.hoodamath.com/games/growfarm.html]
[www.hoodamath.com/games/growzoo.html]
[www.hoodamath.com/games/growcastle.html]
[www.hoodamath.com/games/oppositeday.html]
[www.hoodamath.com/games/resizer.html]
[www.hoodamath.com/games/growmi.html]
[www.hoodamath.com/games/thornandballoons.html]
[www.hoodamath.com/games/darkroom.html]
[www.hoodamath.com/games/blockblast.html]
[www.hoodamath.com/games/coreball.html]
[www.hoodamath.com/games/eggycar.html]
[www.hoodamath.com/games/hoodabridge.html]
[www.hoodamath.com/games/findme.html]
[www.hoodamath.com/games/sweetymemory.html]
[www.hoodamath.com/games/halloweenmemory.html]
[www.hoodamath.com/games/christmasmemory.html]
[www.hoodamath.com/games/mancala.html]
[www.hoodamath.com/games/connect4.html]
[www.hoodamath.com/games/chess.html]
[www.hoodamath.com/games/fourcolors.html]
[www.hoodamath.com/games/run3.html]
[www.hoodamath.com/games/ovo.html]
[www.hoodamath.com/games/geometrydash.html]
[www.hoodamath.com/games/dinogame.html]
[www.hoodamath.com/games/flappybird.html]
[www.hoodamath.com/games/mountainbikerunner.html]
[www.hoodamath.com/games/digitle.html]
[www.hoodamath.com/games/slithermath.html]
[www.hoodamath.com/games/2048game.html]
[www.hoodamath.com/games/guessword.html]
[www.hoodamath.com/games/spinnersluck.html]
[www.hoodamath.com/games/crossword.html]
[www.hoodamath.com/games/wordpop.html]
[www.hoodamath.com/games/duckduckclicker.html]
[www.hoodamath.com/games/candyclicker2.html]
[www.hoodamath.com/games/idlebreakout.html]
[www.hoodamath.com/games/drifthunters.html]
[www.hoodamath.com/games/drawthehill.html]
[www.hoodamath.com/games/bikehero.html]
[www.hoodamath.com/games/snowline.html]
[www.hoodamath.com/games/factoryballsthechristmasedition.html]
[www.hoodamath.com/games/snoringwinteredition.html]
[www.hoodamath.com/games/snowline2.html]
[www.hoodamath.com/games/civiballsxmaslevelspack.html]
[www.hoodamath.com/games/escapeplannorthpole.html]
[www.hoodamath.com/games/hoodaescapenewyork.html]
[www.hoodamath.com/games/hoodaescapealabama.html]
[www.hoodamath.com/games/snowstormescape.html]
[www.hoodamath.com/games/jetskiaddition.html]
[www.hoodamath.com/games/koalakartscounting.html]
[www.hoodamath.com/games/tugteamtugboataddition.html]
[www.hoodamath.com/games/alienaddition.html]
[www.hoodamath.com/games/additionbubblepop.html]
[www.hoodamath.com/games/minigolf.html]
[www.hoodamath.com/games/hoodasdrivethru.html]
[www.hoodamath.com/games/ninjaballoons.html]
[www.hoodamath.com/games/snaketrap.html]
[www.hoodamath.com/games/timepunch.html]
[securepubads.g.doubleclick.net/tag/js/f.txt]
[www.hoodamath.com/games/daytrader.html]
[www.hoodamath.com/games/findhqbackyard.html]
[www.hoodamath.com/games/findhqneighborhood.html]
[www.hoodamath.com/games/findhqcastle.html]
[www.hoodamath.com/games/findhqsanfrancisco.html]
[www.hoodamath.com/games/findhqyosemite.html]
[www.hoodamath.com/games/findhqcave.html]
[www.hoodamath.com/games/findhqyellowstone.html]
[www.hoodamath.com/games/islandchasesubtraction.html]
[www.hoodamath.com/games/minusmission.html]
[www.hoodamath.com/games/tugteamsailboatsubtraction.html]
[www.hoodamath.com/games/mathtimedtests.html]
[www.hoodamath.com/games/countthecubes.html]
[www.hoodamath.com/games/princessmath.html]
[www.hoodamath.com/games/skatermath.html]
[www.hoodamath.com/games/loottheking.html]
[www.hoodamath.com/games/multiplicationgame.html]
[www.hoodamath.com/games/multiplesblaster.html]
[www.hoodamath.com/games/piratetreasurequotientgame.html]
[www.hoodamath.com/games/farmharvestmultiplicationgame.html]
[www.hoodamath.com/games/hoodaescape3rdgradefieldtrip.html]
[www.hoodamath.com/games/penguinjumpmultiplication.html]
[www.hoodamath.com/games/numbereaters.html]
[www.hoodamath.com/games/demolitiondivision.html]
[www.hoodamath.com/games/flappyfactors.html]
[www.hoodamath.com/games/multiplicationbubblepop.html]
[www.hoodamath.com/games/mousetrap.html]
[www.hoodamath.com/games/factorfeeder.html]
[www.hoodamath.com/games/hoodamathdefense.html]
[www.hoodamath.com/games/dragracedivision.html]
[www.hoodamath.com/games/tugteamponydivision.html]
[www.hoodamath.com/games/bridgecrossing.html]
[www.hoodamath.com/games/pimon.html]
[www.hoodamath.com/games/pizzapandas.html]
[www.hoodamath.com/games/greatestaveragegame.html]
[www.hoodamath.com/games/ratiostadium.html]
[www.hoodamath.com/games/dirtbikeproportions.html]
[www.hoodamath.com/games/tugteamdirtbikefractions.html]
[www.hoodamath.com/games/puppychasefractionstodecimals.html]
[www.hoodamath.com/games/speedwayaddingfractions.html]
[www.hoodamath.com/games/snowsprintmultiplyingfractions.html]
[www.hoodamath.com/games/sandgrid.html]
[www.hoodamath.com/games/fractionstimedtests.html]
[www.hoodamath.com/games/tronix.html]
[www.hoodamath.com/games/hidecaesar.html]
[www.hoodamath.com/games/hexwars.html]
[www.hoodamath.com/games/fractionpoker.html]
[www.hoodamath.com/games/hoodaescapemathmansion.html]
[www.hoodamath.com/games/hoodaescapewaterpark.html]
[www.hoodamath.com/games/icecreamtruck.html]
[www.hoodamath.com/games/hoodaescape6thgradefieldtrip.html]
[www.hoodamath.com/games/orbitintegers.html]
[www.hoodamath.com/games/integerwarp.html]
[www.hoodamath.com/games/spidermatchaddingintegers.html]
[www.hoodamath.com/games/integertilt.html]
[www.hoodamath.com/games/integerstimedtests.html]
[www.hoodamath.com/games/flush.html]
[www.hoodamath.com/games/hotjava.html]
[www.hoodamath.com/games/germies.html]
[www.hoodamath.com/games/pokerdicesolitaire.html]
[www.hoodamath.com/games/hoodaescapepetshop.html]
[www.hoodamath.com/games/miniputt.html]
[www.hoodamath.com/games/pentapuzzle.html]
[www.hoodamath.com/games/otterrushexponentexpressions.html]
[www.hoodamath.com/games/swimmingottersvariableexpressions.html]
[www.hoodamath.com/games/fourwheelfracas.html]
[www.hoodamath.com/games/jumpingaliens.html]
[www.hoodamath.com/games/targetsoe.html]
[www.hoodamath.com/games/slopeinterceptsurround.html]
[www.hoodamath.com/games/transformationgolf.html]
[www.hoodamath.com/games/findhqmiami.html]
[www.hoodamath.com/games/findhqglaciernationalpark.html]
[www.hoodamath.com/games/findhqnewyork.html]
[www.hoodamath.com/games/hoodaescapehuntinglodge.html]
[www.hoodamath.com/games/goldburgertogo.html]
[www.hoodamath.com/games/calculusgame11.html]
[www.hoodamath.com/games/mathduck.html]
[www.hoodamath.com/games/freakingmath.html]
[www.hoodamath.com/games/dressupmath.html]
[www.hoodamath.com/games/balloonmath.html]
[www.hoodamath.com/games/canoepuppiestwodigitaddition.html]
[www.hoodamath.com/games/mathtimedtests2.html]
[www.hoodamath.com/games/pumpkinpatchmultiplication.html]
[www.hoodamath.com/games/primefactortreegame.html]
[www.hoodamath.com/games/flappymultiples.html]
[www.hoodamath.com/games/meteormultiplication.html]
[www.hoodamath.com/games/canoepenguinstwodigitmultiplication.html]
[www.hoodamath.com/games/papasscooperia.html]
[www.hoodamath.com/games/papassushiria.html]
[www.hoodamath.com/games/papascupcakeria.html]
[www.hoodamath.com/games/papaswingeria.html]
[www.hoodamath.com/games/papaspancakeria.html]
[www.hoodamath.com/games/papasdonuteria.html]
[www.hoodamath.com/games/papastacomia.html]
[www.hoodamath.com/games/papasburgeria.html]
[www.hoodamath.com/games/papaspizzeria.html]
[www.hoodamath.com/games/hoodaescapeaustralia2024.html]
[www.hoodamath.com/games/springescape2024.html]
[www.hoodamath.com/games/findhq.html]
[www.hoodamath.com/games/winterescape2024.html]
[www.hoodamath.com/games/fallescape2023.html]
[www.hoodamath.com/games/summerescape2023.html]
[www.hoodamath.com/games/bigcityescape2023.html]
[www.hoodamath.com/games/grayscaleescape.html]
[www.hoodamath.com/games/amazingescape.html]
[www.hoodamath.com/games/fantasyescape.html]
[www.hoodamath.com/games/mustescape.html]
[www.hoodamath.com/games/stateescape2022.html]
[www.hoodamath.com/games/stateescape.html]
[www.hoodamath.com/games/capitalcityescape.html]
[www.hoodamath.com/games/roomescape.html]
[www.hoodamath.com/games/bigcityescape.html]
[www.hoodamath.com/games/nationalparkescape.html]
[www.hoodamath.com/games/findmyescape.html]
[www.hoodamath.com/games/findmybaseballtower.html]
[www.hoodamath.com/games/escapeplan.html]
[www.hoodamath.com/games/hoodaescapefyrefestival.html]
[www.hoodamath.com/games/hoodamathescaperoompsl.html]
[www.hoodamath.com/games/hoodaescapejerseyshore.html]
[www.hoodamath.com/games/hoodaescapekingslanding.html]
[www.hoodamath.com/games/hoodaescapeautofactory.html]
[www.hoodamath.com/games/hoodaescapeskatepark.html]
[www.hoodamath.com/games/hoodaescapeufo.html]
[www.hoodamath.com/games/hoodaescapemotorhome.html]
[www.hoodamath.com/games/hoodaescapesubmarine.html]
[www.hoodamath.com/games/hoodaescapeship.html]
[www.hoodamath.com/games/hoodaescapeairfield.html]
[www.hoodamath.com/games/hoodaescaperocketship.html]
[www.hoodamath.com/games/hoodaescapeghosthouse.html]
[www.hoodamath.com/games/hoodaescapespookyfarm.html]
[www.hoodamath.com/games/hoodaescapeicecreamshop.html]
[www.hoodamath.com/games/sneakycastleescape.html]
[www.hoodamath.com/games/springgardenescape.html]
[www.hoodamath.com/games/beachtownescape.html]
[www.hoodamath.com/games/martianhoverboards.html]
[www.hoodamath.com/games/courtclashbasketball.html]
[www.hoodamath.com/games/sportsheadsbasketball.html]
[www.hoodamath.com/games/dunkers.html]
[www.hoodamath.com/games/taptaptennis.html]
[www.hoodamath.com/games/badicecream.html]
[www.hoodamath.com/games/headsoccer.html]
[www.hoodamath.com/games/8ballpool.html]
[www.hoodamath.com/games/miniputt3.html]
[www.hoodamath.com/games/fireboyandwatergirlinthelighttemple2.html]
[www.hoodamath.com/games/fireboyandwatergirlforesttemple3.html]
[www.hoodamath.com/games/tictactoe.html]
[www.hoodamath.com/games/snakesandladders.html]
[www.hoodamath.com/games/checkers.html]
[www.hoodamath.com/games/measureandmixdonuts.html]
[www.hoodamath.com/games/measureandmixpancakes.html]
[www.hoodamath.com/games/measureandmixpretzels.html]
[www.hoodamath.com/games/measureandmixfudgebrownies.html]
[www.hoodamath.com/games/measureandmixchocolatechipcookies.html]
[www.hoodamath.com/games/worldclasschefitaly.html]
[www.hoodamath.com/games/worldclasschefturkey.html]
[www.hoodamath.com/games/worldclasschefusa.html]
[www.hoodamath.com/games/mealmasters2.html]
[www.hoodamath.com/games/mealmasters3.html]
[www.hoodamath.com/games/makechocolatecake.html]
[www.hoodamath.com/games/makechallah.html]
[www.hoodamath.com/games/fantasticchefchocolatecake.html]
[www.hoodamath.com/games/fantasticchefblueberrymuffins.html]
[www.hoodamath.com/games/doughnutsrecipe.html]
[www.hoodamath.com/games/thanksgivingturkey.html]
[www.hoodamath.com/games/bakingapplepie.html]
[www.hoodamath.com/games/breakfastcooking.html]
[www.hoodamath.com/games/themehotel.html]
[www.hoodamath.com/games/shoppingstreet.html]
[www.hoodamath.com/games/hotelhooda.html]
[www.hoodamath.com/games/customcarshop.html]
[www.hoodamath.com/games/openrestaurant.html]
[www.hoodamath.com/games/pizzaparty.html]
[www.hoodamath.com/games/burgertime.html]
[www.hoodamath.com/games/shoppingmall.html]
[www.hoodamath.com/games/bizwiz.html]
[www.hoodamath.com/games/megamallmadness.html]
[www.hoodamath.com/games/coffeeshopgame.html]
[www.hoodamath.com/games/ducklife.html]
[www.hoodamath.com/games/ducklife2worldchampion.html]
[www.hoodamath.com/games/ducklife3evolution.html]
[www.hoodamath.com/games/ducklife4.html]
[www.hoodamath.com/games/ducklife6space.html]
[www.hoodamath.com/games/bloonstowerdefense3.html]
[www.hoodamath.com/games/bloonstowerdefense.html]
[www.hoodamath.com/games/villagefun.html]
[www.hoodamath.com/games/candyfun.html]
[www.hoodamath.com/ruffle-24-01/ruffle.js]
[www.hoodamath.com/games/learntofly3.html]
[www.hoodamath.com/games/foodtruckfun.html]
[www.hoodamath.com/games/tradewest.html]
[www.hoodamath.com/games/mansionmogul.html]
[www.hoodamath.com/games/shopempire2.html]
[www.hoodamath.com/games/motorcycletycoon.html]
[www.hoodamath.com/games/intospace.html]
[www.hoodamath.com/games/amusepark.html]
[www.hoodamath.com/games/animalraceway.html]
[www.hoodamath.com/games/dinercity.html]
[www.hoodamath.com/games/windfalltycoon.html]
[www.hoodamath.com/games/roadshops.html]
[www.hoodamath.com/games/theconstructor.html]
[www.hoodamath.com/games/happymart.html]
[www.hoodamath.com/games/tinysasters.html]
[www.hoodamath.com/games/businessfun.html]
[www.hoodamath.com/games/shoppingcity.html]
[www.hoodamath.com/games/cargoshipmentchicago.html]
[www.hoodamath.com/games/paintersguild.html]
[www.hoodamath.com/games/realestatefun.html]
[www.hoodamath.com/games/donutempire.html]
[www.hoodamath.com/games/recordshoptycoon.html]
[www.hoodamath.com/games/carnivalfun.html]
[www.hoodamath.com/games/happytower.html]
[www.hoodamath.com/games/resortempire.html]
[www.hoodamath.com/games/cargoshipment.html]
[www.hoodamath.com/games/shoppingcorner.html]
[www.hoodamath.com/games/shoppingcartdash.html]
[www.hoodamath.com/games/growcube.html]
[www.hoodamath.com/games/growisland.html]
[www.hoodamath.com/games/growvalley.html]
[www.hoodamath.com/games/growpark.html]
[www.hoodamath.com/games/hoodagrowaquarium.html]
[www.hoodamath.com/games/hoodagrowrocket.html]
[www.hoodamath.com/games/hoodagrowcity.html]
[www.hoodamath.com/games/growwaterpark.html]
[www.hoodamath.com/games/hoodagrowmountain.html]
[www.hoodamath.com/games/hoodagrowcanyon.html]
[www.hoodamath.com/games/growtower.html]
[www.hoodamath.com/games/tributetogrow.html]
[www.hoodamath.com/games/grownanovol3.html]
[www.hoodamath.com/games/planetf.html]
[www.hoodamath.com/games/pursuitofhat.html]
[www.hoodamath.com/games/pursuitofhat2.html]
[www.hoodamath.com/games/useboxmen.html]
[www.hoodamath.com/games/unscrewit.html]
[www.hoodamath.com/games/icypurplehead3.html]
[www.hoodamath.com/games/icypurpleheadsuperslide.html]
[www.hoodamath.com/games/amissingshepherd.html]
[www.hoodamath.com/games/housepainter.html]
[www.hoodamath.com/games/areyouhuman.html]
[www.hoodamath.com/games/wheely3.html]
[www.hoodamath.com/games/wheely4.html]
[www.hoodamath.com/games/wheely5.html]
[www.hoodamath.com/games/wheely8.html]
[www.hoodamath.com/games/happyfilledglass.html]
[www.hoodamath.com/games/happyfilledglass2.html]
[www.hoodamath.com/games/happyfilledglass3.html]
[www.hoodamath.com/games/happyfilledglass4.html]
[www.hoodamath.com/games/unloop.html]
[www.hoodamath.com/games/anikasodyssey.html]
[www.hoodamath.com/games/frogcorral.html]
[www.hoodamath.com/games/liquidsort.html]
[www.hoodamath.com/games/40xescape.html]
[www.hoodamath.com/games/hoodawhat2.html]
[www.hoodamath.com/games/deskmovement.html]
[www.hoodamath.com/games/linebounder.html]
[www.hoodamath.com/games/liquidmeasure.html]
[www.hoodamath.com/games/factoryballs.html]
[www.hoodamath.com/games/factoryballs2.html]
[www.hoodamath.com/games/factoryballs3.html]
[www.hoodamath.com/games/hoodawhat.html]
[www.hoodamath.com/games/lightbot.html]
[www.hoodamath.com/games/factoryballsforever.html]
[www.hoodamath.com/games/goatcrossing.html]
[www.hoodamath.com/games/teleportingkittens.html]
[www.hoodamath.com/games/aquaticrescue.html]
[www.hoodamath.com/games/spillthesand.html]
[www.hoodamath.com/games/aquathief.html]
[www.hoodamath.com/games/driverlesscar.html]
[www.hoodamath.com/games/caveman.html]
[www.hoodamath.com/games/frogleap.html]
[www.hoodamath.com/games/munchiebob.html]
[www.hoodamath.com/games/timmysgems.html]
[www.hoodamath.com/games/sandtrap.html]
[www.hoodamath.com/awayfl2/embed.js]
[www.hoodamath.com/games/sugarsugar.html]
[www.hoodamath.com/games/sugarsugar2.html]
[www.hoodamath.com/games/sugarsugar3.html]
[www.hoodamath.com/games/homesheephome.html]
[www.hoodamath.com/games/doctoracorn.html]
[www.hoodamath.com/games/ninjapainter.html]
[www.hoodamath.com/games/ninjapainter2.html]
[www.hoodamath.com/games/redball1.html]
[www.hoodamath.com/games/redball4volume2.html]
[www.hoodamath.com/games/redball4volume3.html]
[www.hoodamath.com/games/electricbox.html]
[www.hoodamath.com/games/electricbox2.html]
[www.hoodamath.com/games/savemyrobotos.html]
[www.hoodamath.com/games/duckthinkoutsidetheflock.html]
[www.hoodamath.com/games/thetravellingsalesman.html]
[www.hoodamath.com/games/chatnoir.html]
[www.hoodamath.com/games/dicewars.html]
[www.hoodamath.com/games/atomicpuzzle.html]
[www.hoodamath.com/games/blockmaster.html]
[www.hoodamath.com/games/worldshardestgame.html]
[www.hoodamath.com/games/howsmartareyou.html]
[www.hoodamath.com/games/whatdowedonow.html]
[www.hoodamath.com/games/penguinpass.html]
[www.hoodamath.com/games/sprout.html]
[www.hoodamath.com/games/doggnation.html]
[www.hoodamath.com/games/drawtosmash.html]
[www.hoodamath.com/games/angryanimals.html]
[www.hoodamath.com/games/angryanimals2.html]
[www.hoodamath.com/games/loveballs.html]
[www.hoodamath.com/games/transformationgolf2.html]
[www.hoodamath.com/games/drawtherest.html]
[www.hoodamath.com/games/basketballs.html]
[www.hoodamath.com/games/basketballslevelpack.html]
[www.hoodamath.com/games/rotateandroll.html]
[www.hoodamath.com/games/rotateandrollplayerspack.html]
[www.hoodamath.com/games/classicsnake.html]
[www.hoodamath.com/games/footgolf.html]
[www.hoodamath.com/games/beachsoccer.html]
[www.hoodamath.com/games/bloxorz.html]
[www.hoodamath.com/games/freekicktraining.html]
[www.hoodamath.com/games/jellyslice.html]
[www.hoodamath.com/games/mixedworld.html]
[www.hoodamath.com/games/fancydiver.html]
[www.hoodamath.com/games/splitball.html]
[www.hoodamath.com/games/cubenet.html]
[www.hoodamath.com/games/dublox.html]
[www.hoodamath.com/games/moborz.html]
[www.hoodamath.com/games/touchshapes.html]
[www.hoodamath.com/games/soccerballs2.html]
[www.hoodamath.com/games/soccerballs2levelpack.html]
[www.hoodamath.com/games/briker.html]
[www.hoodamath.com/games/briker2.html]
[www.hoodamath.com/games/magicpen.html]
[www.hoodamath.com/games/magicpen2.html]
[www.hoodamath.com/games/starlight.html]
[www.hoodamath.com/games/starlight2.html]
[www.hoodamath.com/games/phit.html]
[www.hoodamath.com/games/lighto.html]
[www.hoodamath.com/games/popcornmaster.html]
[www.hoodamath.com/games/neonrocket.html]
[www.hoodamath.com/games/rollercoastercreator.html]
[www.hoodamath.com/games/rollercoastercreator2.html]
[www.hoodamath.com/games/transformingblockies.html]
[www.hoodamath.com/games/monsterland.html]
[www.hoodamath.com/games/monsterland2.html]
[www.hoodamath.com/games/monsterlandchallenge.html]
[www.hoodamath.com/games/snoring.html]
[www.hoodamath.com/games/snoringwildwest.html]
[www.hoodamath.com/games/hoogoo.html]
[www.hoodamath.com/games/superstacker.html]
[www.hoodamath.com/games/superstacker2.html]
[www.hoodamath.com/games/fantasticcontraption2.html]
[www.hoodamath.com/games/minitrain.html]
[www.hoodamath.com/games/buildthebridge.html]
[www.hoodamath.com/games/redremover.html]
[www.hoodamath.com/games/redremoverplayerpack.html]
[www.hoodamath.com/games/gettingoverit.html]
[www.hoodamath.com/games/civiballs.html]
[www.hoodamath.com/games/civiballs2.html]
[www.hoodamath.com/games/suitup.html]
[www.hoodamath.com/games/colorcleaner.html]
[www.hoodamath.com/games/eastermemory.html]
[www.hoodamath.com/games/dreidelgame.html]
[www.hoodamath.com/games/battleship.html]
[www.hoodamath.com/games/basketballmania.html]
[www.hoodamath.com/games/1on1basketball.html]
[www.hoodamath.com/games/puppethockey.html]
[www.hoodamath.com/games/touchdownrush.html]
[www.hoodamath.com/games/baseballpro.html]
[www.hoodamath.com/games/streetbasketball.html]
[www.hoodamath.com/games/cyclesprint.html]
[www.hoodamath.com/games/penaltymania.html]
[www.hoodamath.com/games/miniputt2.html]
[www.hoodamath.com/games/wonderputt.html]
[www.hoodamath.com/games/soccerstar.html]
[www.hoodamath.com/games/tenpinbowling.html]
[www.hoodamath.com/games/sloperun.html]
[www.hoodamath.com/games/glitch.html]
[www.hoodamath.com/games/leveldeviltrappath.html]
[www.hoodamath.com/games/skyspeedster.html]
[www.hoodamath.com/games/rodha.html]
[www.hoodamath.com/games/melodysadventure.html]
[www.hoodamath.com/games/fallbeans.html]
[www.hoodamath.com/games/ninjafrog.html]
[www.hoodamath.com/games/rabbitrunadventure.html]
[www.hoodamath.com/games/climbablearrow.html]
[www.hoodamath.com/games/60secondsburgerrun.html]
[www.hoodamath.com/games/lowsadventures.html]
[www.hoodamath.com/games/lowsadventures2.html]
[www.hoodamath.com/games/lowsadventures3.html]
[www.hoodamath.com/games/cubeform.html]
[www.hoodamath.com/games/hoodatunnel.html]
[www.hoodamath.com/games/freeheadskate.html]
[www.hoodamath.com/games/electrondash.html]
[www.hoodamath.com/games/rollingball3d.html]
[www.hoodamath.com/games/geometrydashsubzero.html]
[www.hoodamath.com/games/geometrydashmeltdown.html]
[www.hoodamath.com/games/geometrydashworldtoxicfactory.html]
[www.hoodamath.com/games/geometrydashlite.html]
[www.hoodamath.com/games/stickyrun.html]
[www.hoodamath.com/games/run2.html]
[www.hoodamath.com/games/papalouie.html]
[www.hoodamath.com/games/papalouie2.html]
[www.hoodamath.com/games/papalouie3.html]
[www.hoodamath.com/games/duckduckclicker3d.html]
[www.hoodamath.com/games/elementmerge.html]
[www.hoodamath.com/games/infinitecraft.html]
[www.hoodamath.com/games/learntoflyidle.html]
[www.hoodamath.com/games/popsicleclicker.html]
[www.hoodamath.com/games/popthelock.html]
[www.hoodamath.com/games/easterclicker.html]
[www.hoodamath.com/games/planetclicker.html]
[www.hoodamath.com/games/capybaraclicker.html]
[www.hoodamath.com/games/bitcoinclicker.html]
[www.hoodamath.com/games/whopperclicker.html]
[www.hoodamath.com/games/candyclicker.html]
[www.hoodamath.com/games/cookieclicker.html]
[www.hoodamath.com/games/stackgame.html]
[www.hoodamath.com/games/littlealchemy.html]
[www.hoodamath.com/games/2048cutenessedition.html]
[www.hoodamath.com/games/supernumberdefense.html]
[www.hoodamath.com/games/pocketchange.html]
[www.hoodamath.com/games/2048minecraft.html]
[www.hoodamath.com/games/carpenterscut.html]
[www.hoodamath.com/games/therootsoflife.html]
[www.hoodamath.com/games/graphinggala.html]
[www.hoodamath.com/games/grammarfun.html]
[www.hoodamath.com/games/greatadviser.html]
[www.hoodamath.com/games/mrsmithpicsandwords.html]
[www.hoodamath.com/games/rearrangeletters.html]
[www.hoodamath.com/games/zenwords.html]
[www.hoodamath.com/games/grammarninja.html]
[www.hoodamath.com/games/wordbuilder.html]
[www.hoodamath.com/games/wordtower.html]
[www.hoodamath.com/games/wordmatching.html]
[www.hoodamath.com/games/montgolfier.html]
[www.hoodamath.com/games/rootcollector.html]
[www.hoodamath.com/games/proseandmotion.html]
[www.hoodamath.com/games/wordplex.html]
[www.hoodamath.com/games/wordmaster.html]
[www.hoodamath.com/games/wackywordsearch.html]
[www.hoodamath.com/games/dobble.html]
[www.hoodamath.com/games/wordfinder.html]
[www.hoodamath.com/games/airballoonrally.html]
[www.hoodamath.com/games/wordsearch2000.html]
[www.hoodamath.com/games/rainwords.html]
[www.hoodamath.com/games/busparking.html]
[www.hoodamath.com/games/parkingfury.html]
[www.hoodamath.com/games/carparkchallenge.html]
[www.hoodamath.com/games/carparkchaos.html]
[www.hoodamath.com/games/classiccarparking.html]
[www.hoodamath.com/games/concertparking.html]
[www.hoodamath.com/games/expertparking.html]
[www.hoodamath.com/games/parkinglot.html]
[www.hoodamath.com/games/parkinglot2.html]
[www.hoodamath.com/games/parkinglot3.html]
[www.hoodamath.com/games/parkingvirtuoso.html]
[www.hoodamath.com/games/reverseparking.html]
[www.hoodamath.com/games/truckstopparking.html]
[www.hoodamath.com/games/motoflyer.html]
[www.hoodamath.com/games/driftbus.html]
[www.hoodamath.com/games/pocketdrift.html]
[www.hoodamath.com/games/uphillrush.html]
[www.hoodamath.com/games/carrush.html]
[www.hoodamath.com/games/formularush.html]
[www.hoodamath.com/games/dunebuggy.html]
[www.hoodamath.com/games/worldcupballsup.html]
[www.hoodamath.com/games/2048cupcakes.html]
[www.hoodamath.com/games/walkthroughs/growtree.html]
[www.hoodamath.com/games/walkthroughs/losthead.html]
[www.hoodamath.com/games/walkthroughs/mustescapetheshoppingmall.html]
[www.hoodamath.com/games/mustescapetheicecave.html]
[www.hoodamath.com/games/mustescapetheburgerjoint.html]
[www.hoodamath.com/games/mustescapethecastle.html]
[www.hoodamath.com/games/mustescapethepetshop.html]
[www.hoodamath.com/games/mustescapetherooftop.html]
[www.hoodamath.com/games/mustescapethemuseum.html]
[www.hoodamath.com/games/mustescapethesubway.html]
[www.hoodamath.com/games/walkthroughs/amazingescapenorthpole.html]
[www.hoodamath.com/games/amazingescapecastle.html]
[www.hoodamath.com/games/amazingescapespringgarden.html]
[www.hoodamath.com/games/amazingescapepyramid.html]
[www.hoodamath.com/games/amazingescapeatlantis.html]
[www.hoodamath.com/games/amazingescapeghosttown.html]
[www.hoodamath.com/games/amazingescapeschool.html]
[www.hoodamath.com/games/amazingescapeisland.html]
[www.hoodamath.com/games/walkthroughs/snowballfortescape.html]
[www.hoodamath.com/games/walkthroughs/hoodaroomescape4.html]
[www.hoodamath.com/games/hoodaescapewithspooky.html]
[www.hoodamath.com/games/hoodaescapefishermanisland.html]
[www.hoodamath.com/games/hoodaescapegrandmashouse.html]
[www.hoodamath.com/games/escapethecandyfactory.html]
[www.hoodamath.com/games/hoodaroomescape2.html]
[www.hoodamath.com/games/hoodaescapebullettrain.html]
[www.hoodamath.com/games/hoodasliceit.html]
[www.hoodamath.com/games/icypurplehead2.html]
[www.hoodamath.com/games/walkthroughs/oblong.html]
[www.hoodamath.com/games/walkthroughs/basketgoal.html]
[www.hoodamath.com/games/walkthroughs/hoodastacker.html]
[www.hoodamath.com/games/walkthroughs/hoodadissection.html]
[www.hoodamath.com/games/walkthroughs/hoodaremover.html]
[www.hoodamath.com/games/walkthroughs/cliffdiving.html]
[www.hoodamath.com/games/whatanimalareyou.html]
[www.hoodamath.com/games/boomerswordsquiz.html]
[www.hoodamath.com/games/genxwordsquiz.html]
[www.hoodamath.com/games/millennialswordsquiz.html]
[www.hoodamath.com/games/genzwordsquiz.html]
[www.hoodamath.com/games/walkthroughs/hoodaescapetrickortreat2024.html]
[www.hoodamath.com/games/hoodamathescaperoomhalloweenslc.html]
[www.hoodamath.com/games/escapeplanghosthouse.html]
[www.hoodamath.com/games/pumpkinremover3.html]
[www.hoodamath.com/games/hoodaescapepumpkinpatch2023.html]
[www.hoodamath.com/games/vampirephysics.html]
[www.hoodamath.com/games/spookynightescape.html]
[www.hoodamath.com/games/pumpkinremover2.html]
[www.hoodamath.com/games/hoodaescapecornmaze.html]
[www.hoodamath.com/games/hoodaescapecornmaze2023.html]
[www.hoodamath.com/games/hoodaescapetrickortreat2023.html]
[www.hoodamath.com/games/hoodaescapehauntedhouse2023.html]
[www.hoodamath.com/games/walkthroughs/hoodaescapehauntedhouse2024.html]
[www.hoodamath.com/games/walkthroughs/hoodaescapepumpkinpatch2024.html]
[www.hoodamath.com/games/walkthroughs/pumpkinremover.html]
[www.hoodamath.com/games/snake.html]
[www.hoodamath.com/games/retrosnake.html]
[www.hoodamath.com/games/lavasnake.html]
[www.hoodamath.com/games/hoodaescapelondon2024.html]
[www.hoodamath.com/games/hoodaescapekitchener2024.html]
[www.hoodamath.com/games/hoodaescapehamilton2024.html]
[www.hoodamath.com/games/hoodaescapequebeccity2024.html]
[www.hoodamath.com/games/hoodaescapewinnipeg2024.html]
[www.hoodamath.com/games/hoodaescapeottawa2024.html]
[www.hoodamath.com/games/hoodaescapeedmonton2024.html]
[www.hoodamath.com/games/hoodaescapecalgary2024.html]
[www.hoodamath.com/games/hoodaescapevancouver2024.html]
[www.hoodamath.com/games/hoodaescapemontreal2024.html]
[www.hoodamath.com/games/hoodaescapetoronto2024.html]
[www.hoodamath.com/games/walkthroughs/measureandmixblueberrymuffins.html]
[www.hoodamath.com/games/walkthroughs/measureandmixchocolatecake.html]
[www.hoodamath.com/games/walkthroughs/learntofly.html]
[www.hoodamath.com/games/walkthroughs/growschool.html]
[www.hoodamath.com/games/walkthroughs/growfarm.html]
[www.hoodamath.com/games/walkthroughs/growzoo.html]
[www.hoodamath.com/games/walkthroughs/growcastle.html]
[www.hoodamath.com/games/walkthroughs/oppositeday.html]
[www.hoodamath.com/games/walkthroughs/resizer.html]
[www.hoodamath.com/games/walkthroughs/growmi.html]
[www.hoodamath.com/games/walkthroughs/mancala.html]
[www.hoodamath.com/games/walkthroughs/digitle.html]
[www.hoodamath.com/games/walkthroughs/escapeplannorthpole.html]
[www.hoodamath.com/games/escapeplandragoncastle.html]
[www.hoodamath.com/games/escapeplanoffice.html]
[www.hoodamath.com/games/walkthroughs/hoodaescapenewyork.html]
[www.hoodamath.com/games/hoodaescapeminnesota.html]
[www.hoodamath.com/games/hoodaescapecolorado.html]
[www.hoodamath.com/games/hoodaescapevermont.html]
[www.hoodamath.com/games/hoodaescapearizona.html]
[www.hoodamath.com/games/hoodaescapetexas.html]
[www.hoodamath.com/games/hoodaescapewisconsin.html]
[www.hoodamath.com/games/hoodaescapenorthdakota.html]
[www.hoodamath.com/games/hoodaescapenewhampshire.html]
[www.hoodamath.com/games/walkthroughs/hoodaescapealabama.html]
[www.hoodamath.com/games/hoodaescapevirginia.html]
[www.hoodamath.com/games/hoodaescapemassachusetts.html]
[www.hoodamath.com/games/hoodaescapekentucky.html]
[www.hoodamath.com/games/hoodaescapenevada.html]
[www.hoodamath.com/games/hoodaescapemontana.html]
[www.hoodamath.com/games/hoodaescapeoklahoma.html]
[www.hoodamath.com/games/walkthroughs/snowstormescape.html]
[www.hoodamath.com/games/racing.html]
[www.hoodamath.com/games/hoodasdrive-thru.html]
[www.hoodamath.com/games/puzzle.html]
[www.hoodamath.com/ruffle-06-03/ruffle.js]
[www.hoodamath.com/games/parkingzone.html]
[www.hoodamath.com/games/allgames.html]
[www.hoodamath.com/games/walkthroughs/findhqbackyard.html]
[www.hoodamath.com/games/findhqtheresort.html]
[www.hoodamath.com/games/findhqfirestation.html]
[www.hoodamath.com/games/findhqbeachhouse.html]
[www.hoodamath.com/games/hoodafindhqfort.html]
[www.hoodamath.com/games/findhqhospital.html]
[www.hoodamath.com/games/findhqthetheater.html]
[www.hoodamath.com/games/findhqtheforest.html]
[www.hoodamath.com/games/findhqgamecenter.html]
[www.hoodamath.com/games/walkthroughs/findhqneighborhood.html]
[www.hoodamath.com/games/findhqthemall.html]
[www.hoodamath.com/games/findhqbowlingalley.html]
[www.hoodamath.com/games/findhqtemple.html]
[www.hoodamath.com/games/findhqfarm.html]
[www.hoodamath.com/games/hoodafindhqsubway.html]
[www.hoodamath.com/games/walkthroughs/findhqcastle.html]
[www.hoodamath.com/games/findhqcarnival.html]
[www.hoodamath.com/games/findhqtheschool.html]
[www.hoodamath.com/games/findhqlab.html]
[www.hoodamath.com/games/findhqspacelab.html]
[www.hoodamath.com/games/walkthroughs/findhqsanfrancisco.html]
[www.hoodamath.com/games/findhqwashingtondc.html]
[www.hoodamath.com/games/escapeistanbul.html]
[www.hoodamath.com/games/walkthroughs/findhqyosemite.html]
[www.hoodamath.com/games/findhqgreatsmokymountains.html]
[www.hoodamath.com/games/findhqjoshuatree.html]
[www.hoodamath.com/games/walkthroughs/findhqcave.html]
[www.hoodamath.com/games/findhqcamp.html]
[www.hoodamath.com/games/findhqthepyramid.html]
[www.hoodamath.com/games/findhqskilodge.html]
[www.hoodamath.com/games/walkthroughs/findhqyellowstone.html]
[www.hoodamath.com/games/hoodaescape3rdgradefieldtriparcade.html]
[www.hoodamath.com/games/hoodaescape3rdgradefieldtripaquarium.html]
[www.hoodamath.com/games/hoodaescape3rdgradefieldtripsummercamp.html]
[www.hoodamath.com/games/hoodaescape3rdgradefieldtripicecreamshop.html]
[www.hoodamath.com/games/hoodaescape3rdgradefieldtripcookiefactory.html]
[www.hoodamath.com/games/hoodaescape3rdgradefieldtripdinoland.html]
[www.hoodamath.com/games/hoodaescape3rdgradefieldtripbeach.html]
[www.hoodamath.com/games/walkthroughs/hoodamathdefense.html]
[www.hoodamath.com/games/walkthroughs/greatestaveragegame.html]
[www.hoodamath.com/games/building.html]
[www.hoodamath.com/games/isoball2.html]
[www.hoodamath.com/games/cargobridge2.html]
[www.hoodamath.com/games/coverorange2.html]
[www.hoodamath.com/games/fantasticcontraption.html]
[www.hoodamath.com/games/isoball.html]
[www.hoodamath.com/games/gravitystacker.html]
[www.hoodamath.com/games/walkthroughs/hoodaescapemathmansion.html]
[www.hoodamath.com/games/walkthroughs/hoodaescapewaterpark.html]
[www.hoodamath.com/games/hoodaescape6thgradefieldtripcastle.html]
[www.hoodamath.com/games/hoodaescape6thgradefieldtripnaturepark.html]
[www.hoodamath.com/games/hoodaescape6thgradefieldtrippyramid.html]
[www.hoodamath.com/games/hoodaescape6thgradefieldtripairfield.html]
[www.hoodamath.com/games/hoodaescape6thgradefieldtripwaterpark.html]
[www.hoodamath.com/games/hoodaescape6thgradefieldtripancientruins.html]
[www.hoodamath.com/games/hoodaescape6thgradefieldtriptrampolinepark.html]
[www.hoodamath.com/games/hoodaescape6thgradefieldtripzoo.html]
[www.hoodamath.com/games/hoodaescape6thgradefieldtripmuseum.html]
[www.hoodamath.com/games/walkthroughs/hoodaescapepetshop.html]
[www.hoodamath.com/games/walkthroughs/transformationgolf.html]
[www.hoodamath.com/games/walkthroughs/findhqmiami.html]
[www.hoodamath.com/games/walkthroughs/findhqglaciernationalpark.html]
[www.hoodamath.com/games/walkthroughs/findhqnewyork.html]
[www.hoodamath.com/games/walkthroughs/hoodaescapehuntinglodge.html]
[www.hoodamath.com/games/hoodaescapetrainstation.html]
[www.hoodamath.com/games/hoodaescapeautoshop.html]
[www.hoodamath.com/games/calculusgame1-1.html]
[www.hoodamath.com/games/canoepuppiestwo-digitaddition.html]
[www.hoodamath.com/games/canoepenguinstwo-digitmultiplication.html]
[www.hoodamath.com/games/hoodaescapedarwin2024.html]
[www.hoodamath.com/games/hoodaescapehobart2024.html]
[www.hoodamath.com/games/hoodaescapeaustraliancapitalterritory2024.html]
[www.hoodamath.com/games/hoodaescapeadelaide2024.html]
[www.hoodamath.com/games/hoodaescapeperth2024.html]
[www.hoodamath.com/games/hoodaescapebrisbane2024.html]
[www.hoodamath.com/games/hoodaescapemelbourne2024.html]
[www.hoodamath.com/games/hoodaescapesydney2024.html]
[www.hoodamath.com/games/hoodaescapepettingzoo2024.html]
[www.hoodamath.com/games/hoodaescapepolicestation2024.html]
[www.hoodamath.com/games/hoodaescapetrampolinepark2024.html]
[www.hoodamath.com/games/hoodaescapedogpark2024.html]
[www.hoodamath.com/games/hoodaescapelibrary2024.html]
[www.hoodamath.com/games/hoodaescapecentralpark2024.html]
[www.hoodamath.com/games/hoodaescapeplayground2024.html]
[www.hoodamath.com/games/hoodaescapefirestation2024.html]
[www.hoodamath.com/games/hoodaescapeeasteregghunt2024.html]
[www.hoodamath.com/games/hoodaescapespringgarden2024.html]
[www.hoodamath.com/games/findhqfunhouse.html]
[www.hoodamath.com/games/findhqgym.html]
[www.hoodamath.com/games/hoodafindhqpark.html]
[www.hoodamath.com/games/findhqlighthouse.html]
[www.hoodamath.com/games/findhqpirateship.html]
[www.hoodamath.com/games/findhqlibrary.html]
[www.hoodamath.com/games/findhqthehotel.html]
[www.hoodamath.com/games/hoodafindhqdonutshop.html]
[www.hoodamath.com/games/hoodafindhqpolicestation.html]
[www.hoodamath.com/games/hoodaescapeskilodge2024.html]
[www.hoodamath.com/games/hoodaescapepizzashop2024.html]
[www.hoodamath.com/games/hoodaescapeaquarium2024.html]
[www.hoodamath.com/games/hoodaescapesnowstorm2024.html]
[www.hoodamath.com/games/hoodaescapevalentinesday2024.html]
[www.hoodamath.com/games/hoodaescaperedroom2024.html]
[www.hoodamath.com/games/hoodaescapefbi2024.html]
[www.hoodamath.com/games/hoodaescapebowling2024.html]
[www.hoodamath.com/games/hoodaescapebirthdayparty2024.html]
[www.hoodamath.com/games/hoodaescapesubway2024.html]
[www.hoodamath.com/games/hoodaescapejungle2024.html]
[www.hoodamath.com/games/hoodaescapenewyearseve2023.html]
[www.hoodamath.com/games/hoodaescapeprison2023.html]
[www.hoodamath.com/games/hoodaescapeshoppingmall2023.html]
[www.hoodamath.com/games/hoodaescapeiceskating2023.html]
[www.hoodamath.com/games/hoodaescapenorthpole2023.html]
[www.hoodamath.com/games/hoodaescapethanksgiving2023.html]
[www.hoodamath.com/games/hoodaescapesciencemuseum2023.html]
[www.hoodamath.com/games/hoodaescapezoo2023.html]
[www.hoodamath.com/games/hoodaescapehomecoming2023.html]
[www.hoodamath.com/games/hoodaescapeartmuseum2023.html]
[www.hoodamath.com/games/hoodaescapenaturewalk2023.html]
[www.hoodamath.com/games/hoodaescapefootballstadium2023.html]
[www.hoodamath.com/games/hoodaescapeappleorchard2023.html]
[www.hoodamath.com/games/hoodaescapelazyriver2023.html]
[www.hoodamath.com/games/hoodaescapeconcertvenue2023.html]
[www.hoodamath.com/games/hoodaescapegardenmaze2023.html]
[www.hoodamath.com/games/hoodaescapefarm2023.html]
[www.hoodamath.com/games/hoodaescapecountyfair2023.html]
[www.hoodamath.com/games/hoodaescapeballpark2023.html]
[www.hoodamath.com/games/hoodaescapehike2023.html]
[www.hoodamath.com/games/hoodaescapecamp2023.html]
[www.hoodamath.com/games/hoodaescapesummerschool2023.html]
[www.hoodamath.com/games/hoodaescapeparade2023.html]
[www.hoodamath.com/games/hoodaescapecabin2023.html]
[www.hoodamath.com/games/hoodaescapefamilybbq2023.html]
[www.hoodamath.com/games/hoodaescapewaterpark2023.html]
[www.hoodamath.com/games/hoodaescapecoloradosprings2023.html]
[www.hoodamath.com/games/hoodaescapeatlanta2023.html]
[www.hoodamath.com/games/hoodaescapekansascity2023.html]
[www.hoodamath.com/games/hoodaescapemesa2023.html]
[www.hoodamath.com/games/hoodaescapesacramento2023.html]
[www.hoodamath.com/games/hoodaescapetucson2023.html]
[www.hoodamath.com/games/hoodaescapefresno2023.html]
[www.hoodamath.com/games/hoodaescapealbuquerque2023.html]
[www.hoodamath.com/games/hoodaescapemilwaukee2023.html]
[www.hoodamath.com/games/hoodaescapebaltimore2023.html]
[www.hoodamath.com/games/hoodaescapememphis2023.html]
[www.hoodamath.com/games/hoodaescapelouisville2023.html]
[www.hoodamath.com/games/hoodaescapedetroit2023.html]
[www.hoodamath.com/games/hoodaescapeportland2023.html]
[www.hoodamath.com/games/hoodaescapelasvegas2023.html]
[www.hoodamath.com/games/hoodaescapeboston2023.html]
[www.hoodamath.com/games/hoodaescapewashingtondc2023.html]
[www.hoodamath.com/games/hoodaescapeelpaso2023.html]
[www.hoodamath.com/games/hoodaescapenashville2023.html]
[www.hoodamath.com/games/hoodaescapeoklahomacity2023.html]
[www.hoodamath.com/games/hoodaescapedenver2023.html]
[www.hoodamath.com/games/hoodaescapeseattle2023.html]
[www.hoodamath.com/games/hoodaescapesanfrancisco2023.html]
[www.hoodamath.com/games/hoodaescapecharlotte2023.html]
[www.hoodamath.com/games/hoodaescapeindianapolis2023.html]
[www.hoodamath.com/games/hoodaescapecolumbus2023.html]
[www.hoodamath.com/games/hoodaescapefortworth2023.html]
[www.hoodamath.com/games/hoodaescapejacksonville2023.html]
[www.hoodamath.com/games/hoodaescapeaustin2023.html]
[www.hoodamath.com/games/hoodaescapesanjose2023.html]
[www.hoodamath.com/games/hoodaescapedallas2023.html]
[www.hoodamath.com/games/hoodaescapesandiego2023.html]
[www.hoodamath.com/games/hoodaescapesanantonio2023.html]
[www.hoodamath.com/games/hoodaescapephiladelphia2023.html]
[www.hoodamath.com/games/hoodaescapephoenix2023.html]
[www.hoodamath.com/games/hoodaescapehouston2023.html]
[www.hoodamath.com/games/hoodaescapechicago2023.html]
[www.hoodamath.com/games/hoodaescapelosangeles2023.html]
[www.hoodamath.com/games/hoodaescapenewyorkcity2023.html]
[www.hoodamath.com/games/grayscaleescapebathroom.html]
[www.hoodamath.com/games/grayscaleescapebasement.html]
[www.hoodamath.com/games/grayscaleescapebedroom.html]
[www.hoodamath.com/games/grayscaleescapeattic.html]
[www.hoodamath.com/games/grayscaleescapeunknown.html]
[www.hoodamath.com/games/grayscaleescapegarage.html]
[www.hoodamath.com/games/grayscaleescapefunroom.html]
[www.hoodamath.com/games/grayscaleescapelab.html]
[www.hoodamath.com/games/grayscaleescapelaundryroom.html]
[www.hoodamath.com/games/grayscaleescapelibrary.html]
[www.hoodamath.com/games/grayscaleescapeoffice.html]
[www.hoodamath.com/games/grayscaleescapepuzzleroom.html]
[www.hoodamath.com/games/amazingescapemaze.html]
[www.hoodamath.com/games/amazingescaperuins.html]
[www.hoodamath.com/games/hoodaescapewithfrank.html]
[www.hoodamath.com/games/hoodaescapewithrapunzel.html]
[www.hoodamath.com/games/hoodaescapewithaladdinslamp.html]
[www.hoodamath.com/games/hoodaescapethewickedstepsisters.html]
[www.hoodamath.com/games/hoodaescapeneverland.html]
[www.hoodamath.com/games/hoodaescapewonderland.html]
[www.hoodamath.com/games/hoodaescapewithgoldilocks.html]
[www.hoodamath.com/games/hoodaescapesherwoodforest.html]
[www.hoodamath.com/games/hoodaescapewithtom.html]
[www.hoodamath.com/games/hoodaescapewithjack.html]
[www.hoodamath.com/games/gingerbreadhouseescape.html]
[www.hoodamath.com/games/hoodaescapewithbeauty.html]
[www.hoodamath.com/games/hoodaescapewithsnowwhite.html]
[www.hoodamath.com/games/hoodaescaperedsgrandmashouse.html]
[www.hoodamath.com/games/hoodaescapewithhanselandgretel.html]
[www.hoodamath.com/games/mustescapethefactory.html]
[www.hoodamath.com/games/mustescapethebakery.html]
[www.hoodamath.com/games/mustescapethewizardscastle.html]
[www.hoodamath.com/games/mustescapetheisland.html]
[www.hoodamath.com/games/mustescapethesewer.html]
[www.hoodamath.com/games/mustescapetheicecastle.html]
[www.hoodamath.com/games/mustescapetheplayground.html]
[www.hoodamath.com/games/mustescapelighthouseisland.html]
[www.hoodamath.com/games/mustescapethefortress.html]
[www.hoodamath.com/games/mustescapethetemple.html]
[www.hoodamath.com/games/mustescapethefarm.html]
[www.hoodamath.com/games/mustescapetheclocktower.html]
[www.hoodamath.com/games/hoodaescapealabama2022.html]
[www.hoodamath.com/games/hoodaescapealaska2022.html]
[www.hoodamath.com/games/hoodaescapearizona2022.html]
[www.hoodamath.com/games/hoodaescapearkansas2022.html]
[www.hoodamath.com/games/hoodaescapecalifornia2022.html]
[www.hoodamath.com/games/hoodaescapecolorado2022.html]
[www.hoodamath.com/games/hoodaescapeconnecticut2022.html]
[www.hoodamath.com/games/hoodaescapedelaware2022.html]
[www.hoodamath.com/games/hoodaescapeflorida2022.html]
[www.hoodamath.com/games/hoodaescapegeorgia2022.html]
[www.hoodamath.com/games/hoodaescapehawaii2022.html]
[www.hoodamath.com/games/hoodaescapeidaho2022.html]
[www.hoodamath.com/games/hoodaescapeillinois2022.html]
[www.hoodamath.com/games/hoodaescapeindiana2022.html]
[www.hoodamath.com/games/hoodaescapeiowa2022.html]
[www.hoodamath.com/games/hoodaescapekansas2022.html]
[www.hoodamath.com/games/hoodaescapekentucky2022.html]
[www.hoodamath.com/games/hoodaescapelouisiana2022.html]
[www.hoodamath.com/games/hoodaescapemaine2022.html]
[www.hoodamath.com/games/hoodaescapemaryland2022.html]
[www.hoodamath.com/games/hoodaescapemassachusetts2022.html]
[www.hoodamath.com/games/hoodaescapemichigan2022.html]
[www.hoodamath.com/games/hoodaescapeminnesota2022.html]
[www.hoodamath.com/games/hoodaescapemississippi2022.html]
[www.hoodamath.com/games/hoodaescapemissouri2022.html]
[www.hoodamath.com/games/hoodaescapemontana2022.html]
[www.hoodamath.com/games/hoodaescapenebraska2022.html]
[www.hoodamath.com/games/hoodaescapenevada2022.html]
[www.hoodamath.com/games/hoodaescapenewhampshire2022.html]
[www.hoodamath.com/games/hoodaescapenewjersey2022.html]
[www.hoodamath.com/games/hoodaescapenewmexico2022.html]
[www.hoodamath.com/games/hoodaescapenewyork2022.html]
[www.hoodamath.com/games/hoodaescapenorthcarolina2022.html]
[www.hoodamath.com/games/hoodaescapenorthdakota2022.html]
[www.hoodamath.com/games/hoodaescapeohio2022.html]
[www.hoodamath.com/games/hoodaescapeoklahoma2022.html]
[www.hoodamath.com/games/hoodaescapeoregon2022.html]
[www.hoodamath.com/games/hoodaescapepennsylvania2022.html]
[www.hoodamath.com/games/hoodaescaperhodeisland2022.html]
[www.hoodamath.com/games/hoodaescapesouthcarolina2022.html]
[www.hoodamath.com/games/hoodaescapesouthdakota2022.html]
[www.hoodamath.com/games/hoodaescapetennessee2022.html]
[www.hoodamath.com/games/hoodaescapetexas2022.html]
[www.hoodamath.com/games/hoodaescapeutah2022.html]
[www.hoodamath.com/games/hoodaescapevermont2022.html]
[www.hoodamath.com/games/hoodaescapevirginia2022.html]
[www.hoodamath.com/games/hoodaescapewashington2022.html]
[www.hoodamath.com/games/hoodaescapewestvirginia2022.html]
[www.hoodamath.com/games/hoodaescapewisconsin2022.html]
[www.hoodamath.com/games/hoodaescapewyoming2022.html]
[www.hoodamath.com/games/hoodaescapealaska.html]
[www.hoodamath.com/games/hoodaescapearkansas.html]
[www.hoodamath.com/games/hoodaescapecalifornia.html]
[www.hoodamath.com/games/hoodaescapeconnecticut.html]
[www.hoodamath.com/games/hoodaescapedelaware.html]
[www.hoodamath.com/games/hoodaescapeflorida.html]
[www.hoodamath.com/games/hoodaescapegeorgia.html]
[www.hoodamath.com/games/hoodaescapehawaii.html]
[www.hoodamath.com/games/hoodaescapeidaho.html]
[www.hoodamath.com/games/hoodaescapeillinois.html]
[www.hoodamath.com/games/hoodaescapeindiana.html]
[www.hoodamath.com/games/hoodaescapeiowa.html]
[www.hoodamath.com/games/hoodaescapekansas.html]
[www.hoodamath.com/games/hoodaescapelouisiana.html]
[www.hoodamath.com/games/hoodaescapemaine.html]
[www.hoodamath.com/games/hoodaescapemaryland.html]
[www.hoodamath.com/games/hoodaescapemichigan.html]
[www.hoodamath.com/games/hoodaescapemississippi.html]
[www.hoodamath.com/games/hoodaescapemissouri.html]
[www.hoodamath.com/games/hoodaescapenebraska.html]
[www.hoodamath.com/games/hoodaescapenewjersey.html]
[www.hoodamath.com/games/hoodaescapenewmexico.html]
[www.hoodamath.com/games/hoodaescapenorthcarolina.html]
[www.hoodamath.com/games/hoodaescapeohio.html]
[www.hoodamath.com/games/hoodaescapeoregon.html]
[www.hoodamath.com/games/hoodaescapepennsylvania.html]
[www.hoodamath.com/games/hoodaescaperhodeisland.html]
[www.hoodamath.com/games/hoodaescapesouthcarolina.html]
[www.hoodamath.com/games/hoodaescapesouthdakota.html]
[www.hoodamath.com/games/hoodaescapetennessee.html]
[www.hoodamath.com/games/hoodaescapeutah.html]
[www.hoodamath.com/games/hoodaescapewashington.html]
[www.hoodamath.com/games/hoodaescapewestvirginia.html]
[www.hoodamath.com/games/hoodaescapewyoming.html]
[www.hoodamath.com/games/hoodamathescaperoomalbany.html]
[www.hoodamath.com/games/hoodamathescaperoomannapolis.html]
[www.hoodamath.com/games/hoodamathescaperoomatlanta.html]
[www.hoodamath.com/games/hoodaescapeaugusta.html]
[www.hoodamath.com/games/hoodamathescaperoomaustin.html]
[www.hoodamath.com/games/hoodamathescaperoombatonrouge.html]
[www.hoodamath.com/games/hoodamathescaperoombismarck.html]
[www.hoodamath.com/games/hoodaescapeboise.html]
[www.hoodamath.com/games/hoodamathescaperoomboston.html]
[www.hoodamath.com/games/hoodamathescaperoomcarsoncity.html]
[www.hoodamath.com/games/hoodamathescaperoomcharleston.html]
[www.hoodamath.com/games/hoodaescapecheyenne.html]
[www.hoodamath.com/games/hoodaescapecolumbia.html]
[www.hoodamath.com/games/hoodamathescaperoomcolumbus.html]
[www.hoodamath.com/games/hoodamathescaperoomconcord.html]
[www.hoodamath.com/games/findhqdenver.html]
[www.hoodamath.com/games/hoodamathescaperoomdesmoines.html]
[www.hoodamath.com/games/hoodamathescaperoomdover.html]
[www.hoodamath.com/games/hoodamathescaperoomfrankfort.html]
[www.hoodamath.com/games/hoodamathescaperoomharrisburg.html]
[www.hoodamath.com/games/hoodamathescaperoomhartford.html]
[www.hoodamath.com/games/hoodamathescaperoomhelena.html]
[www.hoodamath.com/games/findhqhonolulu.html]
[www.hoodamath.com/games/hoodaescapeindianapolis.html]
[www.hoodamath.com/games/hoodaescapejackson.html]
[www.hoodamath.com/games/hoodamathescaperoomjeffersoncity.html]
[www.hoodamath.com/games/hoodaescapejuneau.html]
[www.hoodamath.com/games/hoodamathescaperoomlansing.html]
[www.hoodamath.com/games/hoodamathescaperoomlincoln.html]
[www.hoodamath.com/games/hoodaescapelittlerock.html]
[www.hoodamath.com/games/hoodaescapemadison.html]
[www.hoodamath.com/games/hoodamathescaperoommontgomery.html]
[www.hoodamath.com/games/hoodamathescaperoommontpelier.html]
[www.hoodamath.com/games/findhqnashville.html]
[www.hoodamath.com/games/hoodamathescaperoomoklahomacity.html]
[www.hoodamath.com/games/hoodaescapeolympia.html]
[www.hoodamath.com/games/hoodaescapephoenix.html]
[www.hoodamath.com/games/hoodamathescaperoompierre.html]
[www.hoodamath.com/games/hoodamathescaperoomprovidence.html]
[www.hoodamath.com/games/hoodamathescaperoomraleigh.html]
[www.hoodamath.com/games/hoodamathescaperoomrichmond.html]
[www.hoodamath.com/games/hoodaescapesacramento.html]
[www.hoodamath.com/games/hoodaescapesalem.html]
[www.hoodamath.com/games/hoodamathescaperoomsaltlakecity.html]
[www.hoodamath.com/games/findhqsantafe.html]
[www.hoodamath.com/games/hoodamathescaperoomspringfield.html]
[www.hoodamath.com/games/hoodamathescaperoomstpaul.html]
[www.hoodamath.com/games/hoodaescapetallahassee.html]
[www.hoodamath.com/games/hoodaescapetopeka.html]
[www.hoodamath.com/games/hoodamathescaperoomtrenton.html]
[www.hoodamath.com/games/hoodaroomescape1.html]
[www.hoodamath.com/games/hoodaroomescape3.html]
[www.hoodamath.com/games/hoodaroomescape5.html]
[www.hoodamath.com/games/findmydodgeballkitchen.html]
[www.hoodamath.com/games/findmysoccerballalcatraz.html]
[www.hoodamath.com/games/findmysoftballbackyard.html]
[www.hoodamath.com/games/findmybaseballbathroom.html]
[www.hoodamath.com/games/findmybeachballbeach.html]
[www.hoodamath.com/games/findmyfootballhotel.html]
[www.hoodamath.com/games/findmyvolleyballnewyork.html]
[www.hoodamath.com/games/walkthroughs/findmybaseballtower.html]
[www.hoodamath.com/games/walkthroughs/hoodaescapefyrefestival.html]
[www.hoodamath.com/games/walkthroughs/hoodamathescaperoompsl.html]
[www.hoodamath.com/games/walkthroughs/hoodaescapejerseyshore.html]
[www.hoodamath.com/games/walkthroughs/hoodaescapekingslanding.html]
[www.hoodamath.com/games/walkthroughs/hoodaescapeautofactory.html]
[www.hoodamath.com/games/walkthroughs/hoodaescapeskatepark.html]
[www.hoodamath.com/games/walkthroughs/hoodaescapeufo.html]
[www.hoodamath.com/games/walkthroughs/hoodaescapemotorhome.html]
[www.hoodamath.com/games/walkthroughs/hoodaescapesubmarine.html]
[www.hoodamath.com/games/walkthroughs/hoodaescapeship.html]
[www.hoodamath.com/games/walkthroughs/hoodaescapeairfield.html]
[www.hoodamath.com/games/walkthroughs/hoodaescaperocketship.html]
[www.hoodamath.com/games/walkthroughs/hoodaescapeghosthouse.html]
[www.hoodamath.com/games/walkthroughs/hoodaescapespookyfarm.html]
[www.hoodamath.com/games/walkthroughs/hoodaescapeicecreamshop.html]
[www.hoodamath.com/games/walkthroughs/sneakycastleescape.html]
[www.hoodamath.com/games/walkthroughs/springgardenescape.html]
[www.hoodamath.com/games/walkthroughs/beachtownescape.html]
[www.hoodamath.com/games/walkthroughs/measureandmixdonuts.html]
[www.hoodamath.com/games/walkthroughs/measureandmixpancakes.html]
[www.hoodamath.com/games/walkthroughs/measureandmixpretzels.html]
[www.hoodamath.com/games/walkthroughs/measureandmixfudgebrownies.html]
[www.hoodamath.com/games/walkthroughs/measureandmixchocolatechipcookies.html]
[www.hoodamath.com/flash_detect_min.js]
[www.googletagservices.com/tag/js/f.txt]
[www.hoodamath.com/newgames.js]
[www.hoodamath.com/games/brain.html]
[www.hoodamath.com/games/walkthroughs/breakfastcooking.html]
[www.hoodamath.com/games/walkthroughs/hotelhooda.html]
[www.hoodamath.com/games/walkthroughs/customcarshop.html]
[www.hoodamath.com/games/bloonstowerdefense2.html]
[www.hoodamath.com/games/walkthroughs/growcube.html]
[www.hoodamath.com/games/walkthroughs/growisland.html]
[www.hoodamath.com/games/walkthroughs/growvalley.html]
[www.hoodamath.com/games/walkthroughs/growpark.html]
[www.hoodamath.com/games/walkthroughs/hoodagrowaquarium.html]
[www.hoodamath.com/games/walkthroughs/hoodagrowrocket.html]
[www.hoodamath.com/games/walkthroughs/hoodagrowcity.html]
[www.hoodamath.com/games/walkthroughs/hoodagrowmountain.html]
[www.hoodamath.com/games/walkthroughs/hoodagrowcanyon.html]
[www.hoodamath.com/games/walkthroughs/grownanovol3.html]
[www.hoodamath.com/games/planet-f.html]
[www.hoodamath.com/games/walkthroughs/pursuitofhat.html]
[www.hoodamath.com/games/walkthroughs/pursuitofhat2.html]
[www.hoodamath.com/games/walkthroughs/useboxmen.html]
[www.hoodamath.com/games/walkthroughs/amissingshepherd.html]
[www.hoodamath.com/games/walkthroughs/wheely3.html]
[www.hoodamath.com/games/walkthroughs/wheely4.html]
[www.hoodamath.com/games/walkthroughs/wheely5.html]
[www.hoodamath.com/games/walkthroughs/wheely8.html]
[www.hoodamath.com/games/walkthroughs/anikasodyssey.html]
[www.hoodamath.com/games/walkthroughs/hoodawhat2.html]
[www.hoodamath.com/games/walkthroughs/deskmovement.html]
[www.hoodamath.com/games/walkthroughs/linebounder.html]
[www.hoodamath.com/games/walkthroughs/factoryballs.html]
[www.hoodamath.com/games/walkthroughs/factoryballs2.html]
[www.hoodamath.com/games/walkthroughs/factoryballs3.html]
[www.hoodamath.com/games/walkthroughs/hoodawhat.html]
[www.hoodamath.com/games/walkthroughs/lightbot.html]
[www.hoodamath.com/games/walkthroughs/goatcrossing.html]
[www.hoodamath.com/games/walkthroughs/sugarsugar.html]
[www.hoodamath.com/games/walkthroughs/sugarsugar2.html]
[www.hoodamath.com/games/walkthroughs/doctoracorn.html]
[www.hoodamath.com/games/walkthroughs/savemyrobotos.html]
[www.hoodamath.com/games/walkthroughs/blockmaster.html]
[www.hoodamath.com/games/walkthroughs/howsmartareyou.html]
[www.hoodamath.com/games/walkthroughs/whatdowedonow.html]
[www.hoodamath.com/games/walkthroughs/angryanimals.html]
[www.hoodamath.com/games/walkthroughs/bloxorz.html]
[www.hoodamath.com/games/walkthroughs/mixedworld.html]
[www.hoodamath.com/games/walkthroughs/dublox.html]
[www.hoodamath.com/games/walkthroughs/briker.html]
[www.hoodamath.com/games/walkthroughs/briker2.html]
[www.hoodamath.com/games/walkthroughs/rollercoastercreator.html]
[www.hoodamath.com/games/walkthroughs/monsterland.html]
[www.hoodamath.com/games/walkthroughs/snoring.html]
[www.hoodamath.com/games/walkthroughs/minitrain.html]
[www.hoodamath.com/games/walkthroughs/redremover.html]
[www.hoodamath.com/games/walkthroughs/suitup.html]
[www.hoodamath.com/games/walkthroughs/colorcleaner.html]
[www.hoodamath.com/games/walkthroughs/glitch.html]
[www.hoodamath.com/games/walkthroughs/60secondsburgerrun.html]
[www.hoodamath.com/games/.html]
[www.hoodamath.com/games/walkthroughs/mustescapetheicecave.html]
[www.hoodamath.com/games/walkthroughs/mustescapetheburgerjoint.html]
[www.hoodamath.com/games/walkthroughs/mustescapethecastle.html]
[www.hoodamath.com/games/walkthroughs/mustescapethepetshop.html]
[www.hoodamath.com/games/walkthroughs/mustescapetherooftop.html]
[www.hoodamath.com/games/walkthroughs/mustescapethemuseum.html]
[www.hoodamath.com/games/walkthroughs/mustescapethesubway.html]
[www.hoodamath.com/games/walkthroughs/amazingescapecastle.html]
[www.hoodamath.com/games/walkthroughs/amazingescapespringgarden.html]
[www.hoodamath.com/games/walkthroughs/amazingescapepyramid.html]
[www.hoodamath.com/games/walkthroughs/amazingescapeatlantis.html]
[www.hoodamath.com/games/walkthroughs/amazingescapeghosttown.html]
[www.hoodamath.com/games/walkthroughs/amazingescapeschool.html]
[www.hoodamath.com/games/walkthroughs/amazingescapeisland.html]
[www.hoodamath.com/games/walkthroughs/hoodaescapewithspooky.html]
[www.hoodamath.com/games/walkthroughs/hoodaescapefishermanisland.html]
[www.hoodamath.com/games/walkthroughs/hoodaescapegrandmashouse.html]
[www.hoodamath.com/games/walkthroughs/escapethecandyfactory.html]
[www.hoodamath.com/games/walkthroughs/hoodaroomescape2.html]
[www.hoodamath.com/games/walkthroughs/hoodaescapebullettrain.html]
[www.hoodamath.com/games/walkthroughs/hoodamathescaperoomhalloweenslc.html]
[www.hoodamath.com/games/walkthroughs/escapeplanghosthouse.html]
[www.hoodamath.com/games/walkthroughs/pumpkinremover3.html]
[www.hoodamath.com/games/walkthroughs/hoodaescapepumpkinpatch2023.html]
[www.hoodamath.com/games/walkthroughs/spookynightescape.html]
[www.hoodamath.com/games/walkthroughs/pumpkinremover2.html]
[www.hoodamath.com/games/walkthroughs/hoodaescapecornmaze.html]
[www.hoodamath.com/games/walkthroughs/hoodaescapecornmaze2023.html]
[www.hoodamath.com/games/walkthroughs/hoodaescapetrickortreat2023.html]
[www.hoodamath.com/games/walkthroughs/hoodaescapehauntedhouse2023.html]
[www.hoodamath.com/games/walkthroughs/hoodaescapelondon2024.html]
[www.hoodamath.com/games/walkthroughs/hoodaescapekitchener2024.html]
[www.hoodamath.com/games/walkthroughs/hoodaescapehamilton2024.html]
[www.hoodamath.com/games/walkthroughs/hoodaescapequebeccity2024.html]
[www.hoodamath.com/games/walkthroughs/hoodaescapewinnipeg2024.html]
[www.hoodamath.com/games/walkthroughs/hoodaescapeottawa2024.html]
[www.hoodamath.com/games/walkthroughs/hoodaescapeedmonton2024.html]
[www.hoodamath.com/games/walkthroughs/hoodaescapecalgary2024.html]
[www.hoodamath.com/games/walkthroughs/hoodaescapevancouver2024.html]
[www.hoodamath.com/games/walkthroughs/hoodaescapemontreal2024.html]
[www.hoodamath.com/games/walkthroughs/hoodaescapetoronto2024.html]
[www.hoodamath.com/games/walkthroughs/escapeplandragoncastle.html]
[www.hoodamath.com/games/walkthroughs/escapeplanoffice.html]
[www.hoodamath.com/games/walkthroughs/hoodaescapeminnesota.html]
[www.hoodamath.com/games/walkthroughs/hoodaescapecolorado.html]
[www.hoodamath.com/games/walkthroughs/hoodaescapevermont.html]
[www.hoodamath.com/games/walkthroughs/hoodaescapearizona.html]
[www.hoodamath.com/games/walkthroughs/hoodaescapetexas.html]
[www.hoodamath.com/games/walkthroughs/hoodaescapewisconsin.html]
[www.hoodamath.com/games/walkthroughs/hoodaescapenorthdakota.html]
[www.hoodamath.com/games/walkthroughs/hoodaescapenewhampshire.html]
[www.hoodamath.com/games/walkthroughs/hoodaescapevirginia.html]
[www.hoodamath.com/games/walkthroughs/hoodaescapemassachusetts.html]
[www.hoodamath.com/games/walkthroughs/hoodaescapekentucky.html]
[www.hoodamath.com/games/walkthroughs/hoodaescapenevada.html]
[www.hoodamath.com/games/walkthroughs/hoodaescapemontana.html]
[www.hoodamath.com/games/walkthroughs/hoodaescapeoklahoma.html]
[www.hoodamath.com/games/jumpingchickscounting.html]
[www.hoodamath.com/games/dolphindashcountmoney.html]
[www.hoodamath.com/games/dolphinfeedmakemoney.html]
[www.hoodamath.com/games/girafferacetimeconversion.html]
[www.hoodamath.com/games/tugteamgiraffepulltimewords.html]
[www.hoodamath.com/games/kangaroohopgeometricshapes.html]
[www.hoodamath.com/games/ratioblaster.html]
[www.hoodamath.com/games/ratiomartian.html]
[www.hoodamath.com/games/tugteampuppypulldecimalwords.html]
[www.hoodamath.com/games/skateboardpups.html]
[www.hoodamath.com/games/hungrypuppiesaddingdecimals.html]
[www.hoodamath.com/games/typingjets.html]
[www.hoodamath.com/games/skychase.html]
[www.hoodamath.com/games/owlplanes.html]
[www.hoodamath.com/games/escapebeijing.html]
[www.hoodamath.com/games/escapeberlin.html]
[www.hoodamath.com/games/escapecairo.html]
[www.hoodamath.com/games/escapelondon.html]
[www.hoodamath.com/games/escapemoscow.html]
[www.hoodamath.com/games/escapeprague.html]
[www.hoodamath.com/games/escapesantiago.html]
[www.hoodamath.com/games/walkthroughs/findhqtheresort.html]
[www.hoodamath.com/games/walkthroughs/findhqfirestation.html]
[www.hoodamath.com/games/walkthroughs/findhqbeachhouse.html]
[www.hoodamath.com/games/walkthroughs/hoodafindhqfort.html]
[www.hoodamath.com/games/walkthroughs/findhqhospital.html]
[www.hoodamath.com/games/walkthroughs/findhqthetheater.html]
[www.hoodamath.com/games/walkthroughs/findhqtheforest.html]
[www.hoodamath.com/games/walkthroughs/findhqgamecenter.html]
[www.hoodamath.com/games/walkthroughs/findhqthemall.html]
[www.hoodamath.com/games/walkthroughs/findhqbowlingalley.html]
[www.hoodamath.com/games/walkthroughs/findhqtemple.html]
[www.hoodamath.com/games/walkthroughs/findhqfarm.html]
[www.hoodamath.com/games/walkthroughs/hoodafindhqsubway.html]
[www.hoodamath.com/games/walkthroughs/findhqcarnival.html]
[www.hoodamath.com/games/walkthroughs/findhqtheschool.html]
[www.hoodamath.com/games/walkthroughs/findhqlab.html]
[www.hoodamath.com/games/walkthroughs/findhqspacelab.html]
[www.hoodamath.com/games/walkthroughs/findhqwashingtondc.html]
[www.hoodamath.com/games/walkthroughs/escapeistanbul.html]
[www.hoodamath.com/games/walkthroughs/findhqgreatsmokymountains.html]
[www.hoodamath.com/games/walkthroughs/findhqjoshuatree.html]
[www.hoodamath.com/games/walkthroughs/findhqcamp.html]
[www.hoodamath.com/games/walkthroughs/findhqthepyramid.html]
[www.hoodamath.com/games/walkthroughs/findhqskilodge.html]
[www.hoodamath.com/games/walkthroughs/hoodaescape3rdgradefieldtriparcade.html]
[www.hoodamath.com/games/walkthroughs/hoodaescape3rdgradefieldtripaquarium.html]
[www.hoodamath.com/games/walkthroughs/hoodaescape3rdgradefieldtripsummercamp.html]
[www.hoodamath.com/games/walkthroughs/hoodaescape3rdgradefieldtripicecreamshop.html]
[www.hoodamath.com/games/hoodaescape3rdgradefieldtripchickenfarm.html]
[www.hoodamath.com/games/walkthroughs/hoodaescape3rdgradefieldtripcookiefactory.html]
[www.hoodamath.com/games/walkthroughs/hoodaescape3rdgradefieldtripdinoland.html]
[www.hoodamath.com/games/walkthroughs/hoodaescape3rdgradefieldtripbeach.html]
[www.hoodamath.com/games/isoball3.html]
[www.hoodamath.com/games/walkthroughs/cargobridge2.html]
[www.hoodamath.com/games/walkthroughs/gravitystacker.html]
[www.hoodamath.com/games/walkthroughs/hoodaescape6thgradefieldtripcastle.html]
[www.hoodamath.com/games/walkthroughs/hoodaescape6thgradefieldtripnaturepark.html]
[www.hoodamath.com/games/walkthroughs/hoodaescape6thgradefieldtrippyramid.html]
[www.hoodamath.com/games/walkthroughs/hoodaescape6thgradefieldtripairfield.html]
[www.hoodamath.com/games/walkthroughs/hoodaescape6thgradefieldtripwaterpark.html]
[www.hoodamath.com/games/walkthroughs/hoodaescape6thgradefieldtripancientruins.html]
[www.hoodamath.com/games/walkthroughs/hoodaescape6thgradefieldtriptrampolinepark.html]
[www.hoodamath.com/games/walkthroughs/hoodaescape6thgradefieldtripzoo.html]
[www.hoodamath.com/games/walkthroughs/hoodaescape6thgradefieldtripmuseum.html]
[www.hoodamath.com/games/walkthroughs/hoodaescapetrainstation.html]
[www.hoodamath.com/games/walkthroughs/hoodaescapeautoshop.html]
[www.hoodamath.com/games/walkthroughs/hoodaescapedarwin2024.html]
[www.hoodamath.com/games/walkthroughs/hoodaescapehobart2024.html]
[www.hoodamath.com/games/walkthroughs/hoodaescapeaustraliancapitalterritory2024.html]
[www.hoodamath.com/games/walkthroughs/hoodaescapeadelaide2024.html]
[www.hoodamath.com/games/walkthroughs/hoodaescapeperth2024.html]
[www.hoodamath.com/games/walkthroughs/hoodaescapebrisbane2024.html]
[www.hoodamath.com/games/walkthroughs/hoodaescapemelbourne2024.html]
[www.hoodamath.com/games/walkthroughs/hoodaescapesydney2024.html]
[www.hoodamath.com/games/walkthroughs/hoodaescapepettingzoo2024.html]
[www.hoodamath.com/games/walkthroughs/hoodaescapepolicestation2024.html]
[www.hoodamath.com/games/walkthroughs/hoodaescapetrampolinepark2024.html]
[www.hoodamath.com/games/walkthroughs/hoodaescapedogpark2024.html]
[www.hoodamath.com/games/walkthroughs/hoodaescapelibrary2024.html]
[www.hoodamath.com/games/walkthroughs/hoodaescapecentralpark2024.html]
[www.hoodamath.com/games/walkthroughs/hoodaescapeplayground2024.html]
[www.hoodamath.com/games/walkthroughs/hoodaescapefirestation2024.html]
[www.hoodamath.com/games/walkthroughs/hoodaescapeeasteregghunt2024.html]
[www.hoodamath.com/games/walkthroughs/hoodaescapespringgarden2024.html]
[www.hoodamath.com/games/walkthroughs/findhqfunhouse.html]
[www.hoodamath.com/games/walkthroughs/findhqgym.html]
[www.hoodamath.com/games/walkthroughs/hoodafindhqpark.html]
[www.hoodamath.com/games/walkthroughs/findhqlighthouse.html]
[www.hoodamath.com/games/walkthroughs/findhqpirateship.html]
[www.hoodamath.com/games/walkthroughs/findhqlibrary.html]
[www.hoodamath.com/games/walkthroughs/findhqthehotel.html]
[www.hoodamath.com/games/walkthroughs/hoodafindhqdonutshop.html]
[www.hoodamath.com/games/walkthroughs/hoodafindhqpolicestation.html]
[www.hoodamath.com/games/walkthroughs/hoodaescapeskilodge2024.html]
[www.hoodamath.com/games/walkthroughs/hoodaescapepizzashop2024.html]
[www.hoodamath.com/games/walkthroughs/hoodaescapeaquarium2024.html]
[www.hoodamath.com/games/walkthroughs/hoodaescapesnowstorm2024.html]
[www.hoodamath.com/games/walkthroughs/hoodaescapevalentinesday2024.html]
[www.hoodamath.com/games/walkthroughs/hoodaescaperedroom2024.html]
[www.hoodamath.com/games/walkthroughs/hoodaescapefbi2024.html]
[www.hoodamath.com/games/walkthroughs/hoodaescapebowling2024.html]
[www.hoodamath.com/games/walkthroughs/hoodaescapebirthdayparty2024.html]
[www.hoodamath.com/games/walkthroughs/hoodaescapesubway2024.html]
[www.hoodamath.com/games/walkthroughs/hoodaescapejungle2024.html]
[www.hoodamath.com/games/walkthroughs/hoodaescapenewyearseve2023.html]
[www.hoodamath.com/games/walkthroughs/hoodaescapeprison2023.html]
[www.hoodamath.com/games/walkthroughs/hoodaescapeshoppingmall2023.html]
[www.hoodamath.com/games/walkthroughs/hoodaescapeiceskating2023.html]
[www.hoodamath.com/games/walkthroughs/hoodaescapenorthpole2023.html]
[www.hoodamath.com/games/walkthroughs/hoodaescapethanksgiving2023.html]
[www.hoodamath.com/games/walkthroughs/hoodaescapesciencemuseum2023.html]
[www.hoodamath.com/games/walkthroughs/hoodaescapezoo2023.html]
[www.hoodamath.com/games/walkthroughs/hoodaescapehomecoming2023.html]
[www.hoodamath.com/games/walkthroughs/hoodaescapeartmuseum2023.html]
[www.hoodamath.com/games/walkthroughs/hoodaescapenaturewalk2023.html]
[www.hoodamath.com/games/walkthroughs/hoodaescapefootballstadium2023.html]
[www.hoodamath.com/games/walkthroughs/hoodaescapeappleorchard2023.html]
[www.hoodamath.com/games/walkthroughs/hoodaescapelazyriver2023.html]
[www.hoodamath.com/games/walkthroughs/hoodaescapeconcertvenue2023.html]
[www.hoodamath.com/games/walkthroughs/hoodaescapegardenmaze2023.html]
[www.hoodamath.com/games/walkthroughs/hoodaescapefarm2023.html]
[www.hoodamath.com/games/walkthroughs/hoodaescapecountyfair2023.html]
[www.hoodamath.com/games/walkthroughs/hoodaescapeballpark2023.html]
[www.hoodamath.com/games/walkthroughs/hoodaescapehike2023.html]
[www.hoodamath.com/games/walkthroughs/hoodaescapecamp2023.html]
[www.hoodamath.com/games/walkthroughs/hoodaescapesummerschool2023.html]
[www.hoodamath.com/games/walkthroughs/hoodaescapeparade2023.html]
[www.hoodamath.com/games/walkthroughs/hoodaescapecabin2023.html]
[www.hoodamath.com/games/walkthroughs/hoodaescapefamilybbq2023.html]
[www.hoodamath.com/games/walkthroughs/hoodaescapecoloradosprings2023.html]
[www.hoodamath.com/games/walkthroughs/hoodaescapeatlanta2023.html]
[www.hoodamath.com/games/walkthroughs/hoodaescapekansascity2023.html]
[www.hoodamath.com/games/walkthroughs/hoodaescapemesa2023.html]
[www.hoodamath.com/games/walkthroughs/hoodaescapesacramento2023.html]
[www.hoodamath.com/games/walkthroughs/hoodaescapetucson2023.html]
[www.hoodamath.com/games/walkthroughs/hoodaescapefresno2023.html]
[www.hoodamath.com/games/walkthroughs/hoodaescapealbuquerque2023.html]
[www.hoodamath.com/games/walkthroughs/hoodaescapemilwaukee2023.html]
[www.hoodamath.com/games/walkthroughs/hoodaescapebaltimore2023.html]
[www.hoodamath.com/games/walkthroughs/hoodaescapememphis2023.html]
[www.hoodamath.com/games/walkthroughs/hoodaescapelouisville2023.html]
[www.hoodamath.com/games/walkthroughs/hoodaescapedetroit2023.html]
[www.hoodamath.com/games/walkthroughs/hoodaescapeportland2023.html]
[www.hoodamath.com/games/walkthroughs/hoodaescapelasvegas2023.html]
[www.hoodamath.com/games/walkthroughs/hoodaescapeboston2023.html]
[www.hoodamath.com/games/walkthroughs/hoodaescapewashingtondc2023.html]
[www.hoodamath.com/games/walkthroughs/hoodaescapeelpaso2023.html]
[www.hoodamath.com/games/walkthroughs/hoodaescapenashville2023.html]
[www.hoodamath.com/games/walkthroughs/hoodaescapeoklahomacity2023.html]
[www.hoodamath.com/games/walkthroughs/hoodaescapedenver2023.html]
[www.hoodamath.com/games/walkthroughs/hoodaescapeseattle2023.html]
[www.hoodamath.com/games/walkthroughs/hoodaescapesanfrancisco2023.html]
[www.hoodamath.com/games/walkthroughs/hoodaescapecharlotte2023.html]
[www.hoodamath.com/games/walkthroughs/hoodaescapeindianapolis2023.html]
[www.hoodamath.com/games/walkthroughs/hoodaescapecolumbus2023.html]
[www.hoodamath.com/games/walkthroughs/hoodaescapefortworth2023.html]
[www.hoodamath.com/games/walkthroughs/hoodaescapejacksonville2023.html]
[www.hoodamath.com/games/walkthroughs/hoodaescapeaustin2023.html]
[www.hoodamath.com/games/walkthroughs/hoodaescapesanjose2023.html]
[www.hoodamath.com/games/walkthroughs/hoodaescapedallas2023.html]
[www.hoodamath.com/games/walkthroughs/hoodaescapesandiego2023.html]
[www.hoodamath.com/games/walkthroughs/hoodaescapesanantonio2023.html]
[www.hoodamath.com/games/walkthroughs/hoodaescapephiladelphia2023.html]
[www.hoodamath.com/games/walkthroughs/hoodaescapephoenix2023.html]
[www.hoodamath.com/games/walkthroughs/hoodaescapehouston2023.html]
[www.hoodamath.com/games/walkthroughs/hoodaescapechicago2023.html]
[www.hoodamath.com/games/walkthroughs/hoodaescapelosangeles2023.html]
[www.hoodamath.com/games/walkthroughs/hoodaescapenewyorkcity2023.html]
[www.hoodamath.com/games/walkthroughs/grayscaleescapebathroom.html]
[www.hoodamath.com/games/walkthroughs/grayscaleescapebasement.html]
[www.hoodamath.com/games/walkthroughs/grayscaleescapebedroom.html]
[www.hoodamath.com/games/walkthroughs/grayscaleescapeattic.html]
[www.hoodamath.com/games/walkthroughs/grayscaleescapegarage.html]
[www.hoodamath.com/games/walkthroughs/grayscaleescapefunroom.html]
[www.hoodamath.com/games/walkthroughs/grayscaleescapelab.html]
[www.hoodamath.com/games/walkthroughs/grayscaleescapelaundryroom.html]
[www.hoodamath.com/games/walkthroughs/grayscaleescapelibrary.html]
[www.hoodamath.com/games/walkthroughs/grayscaleescapeoffice.html]
[www.hoodamath.com/games/walkthroughs/amazingescapemaze.html]
[www.hoodamath.com/games/walkthroughs/amazingescaperuins.html]
[www.hoodamath.com/games/walkthroughs/hoodaescapewithfrank.html]
[www.hoodamath.com/games/walkthroughs/hoodaescapewithrapunzel.html]
[www.hoodamath.com/games/walkthroughs/hoodaescapewithaladdinslamp.html]
[www.hoodamath.com/games/walkthroughs/hoodaescapethewickedstepsisters.html]
[www.hoodamath.com/games/walkthroughs/hoodaescapeneverland.html]
[www.hoodamath.com/games/walkthroughs/hoodaescapewonderland.html]
[www.hoodamath.com/games/walkthroughs/hoodaescapewithgoldilocks.html]
[www.hoodamath.com/games/walkthroughs/hoodaescapesherwoodforest.html]
[www.hoodamath.com/games/walkthroughs/hoodaescapewithtom.html]
[www.hoodamath.com/games/walkthroughs/hoodaescapewithjack.html]
[www.hoodamath.com/games/walkthroughs/hoodaescapewithbeauty.html]
[www.hoodamath.com/games/walkthroughs/hoodaescapewithsnowwhite.html]
[www.hoodamath.com/games/walkthroughs/hoodaescaperedsgrandmashouse.html]
[www.hoodamath.com/games/walkthroughs/hoodaescapewithhanselandgretel.html]
[www.hoodamath.com/games/walkthroughs/mustescapethefactory.html]
[www.hoodamath.com/games/walkthroughs/mustescapethebakery.html]
[www.hoodamath.com/games/walkthroughs/mustescapethewizardscastle.html]
[www.hoodamath.com/games/walkthroughs/mustescapetheisland.html]
[www.hoodamath.com/games/mustescapesewer.html]
[www.hoodamath.com/games/walkthroughs/mustescapetheicecastle.html]
[www.hoodamath.com/games/walkthroughs/mustescapetheplayground.html]
[www.hoodamath.com/games/walkthroughs/mustescapelighthouseisland.html]
[www.hoodamath.com/games/walkthroughs/mustescapethefortress.html]
[www.hoodamath.com/games/walkthroughs/mustescapethetemple.html]
[www.hoodamath.com/games/walkthroughs/mustescapethefarm.html]
[www.hoodamath.com/games/walkthroughs/mustescapetheclocktower.html]
[www.hoodamath.com/games/walkthroughs/hoodaescapealabama2022.html]
[www.hoodamath.com/games/walkthroughs/hoodaescapealaska2022.html]
[www.hoodamath.com/games/walkthroughs/hoodaescapearizona2022.html]
[www.hoodamath.com/games/walkthroughs/hoodaescapearkansas2022.html]
[www.hoodamath.com/games/walkthroughs/hoodaescapecalifornia2022.html]
[www.hoodamath.com/games/walkthroughs/hoodaescapecolorado2022.html]
[www.hoodamath.com/games/walkthroughs/hoodaescapeconnecticut2022.html]
[www.hoodamath.com/games/walkthroughs/hoodaescapedelaware2022.html]
[www.hoodamath.com/games/walkthroughs/hoodaescapeflorida2022.html]
[www.hoodamath.com/games/walkthroughs/hoodaescapegeorgia2022.html]
[www.hoodamath.com/games/walkthroughs/hoodaescapehawaii2022.html]
[www.hoodamath.com/games/walkthroughs/hoodaescapeidaho2022.html]
[www.hoodamath.com/games/walkthroughs/hoodaescapeillinois2022.html]
[www.hoodamath.com/games/walkthroughs/hoodaescapeindiana2022.html]
[www.hoodamath.com/games/walkthroughs/hoodaescapeiowa2022.html]
[www.hoodamath.com/games/walkthroughs/hoodaescapekansas2022.html]
[www.hoodamath.com/games/walkthroughs/hoodaescapekentucky2022.html]
[www.hoodamath.com/games/walkthroughs/hoodaescapelouisiana2022.html]
[www.hoodamath.com/games/walkthroughs/hoodaescapemaine2022.html]
[www.hoodamath.com/games/walkthroughs/hoodaescapemaryland2022.html]
[www.hoodamath.com/games/walkthroughs/hoodaescapemassachusetts2022.html]
[www.hoodamath.com/games/walkthroughs/hoodaescapemichigan2022.html]
[www.hoodamath.com/games/walkthroughs/hoodaescapeminnesota2022.html]
[www.hoodamath.com/games/walkthroughs/hoodaescapemississippi2022.html]
[www.hoodamath.com/games/walkthroughs/hoodaescapemissouri2022.html]
[www.hoodamath.com/games/walkthroughs/hoodaescapemontana2022.html]
[www.hoodamath.com/games/walkthroughs/hoodaescapenebraska2022.html]
[www.hoodamath.com/games/walkthroughs/hoodaescapenevada2022.html]
[www.hoodamath.com/games/walkthroughs/hoodaescapenewhampshire2022.html]
[www.hoodamath.com/games/walkthroughs/hoodaescapenewjersey2022.html]
[www.hoodamath.com/games/walkthroughs/hoodaescapenewmexico2022.html]
[www.hoodamath.com/games/walkthroughs/hoodaescapenewyork2022.html]
[www.hoodamath.com/games/walkthroughs/hoodaescapenorthcarolina2022.html]
[www.hoodamath.com/games/walkthroughs/hoodaescapenorthdakota2022.html]
[www.hoodamath.com/games/walkthroughs/hoodaescapeohio2022.html]
[www.hoodamath.com/games/walkthroughs/hoodaescapeoklahoma2022.html]
[www.hoodamath.com/games/walkthroughs/hoodaescapeoregon2022.html]
[www.hoodamath.com/games/walkthroughs/hoodaescapepennsylvania2022.html]
[www.hoodamath.com/games/walkthroughs/hoodaescaperhodeisland2022.html]
[www.hoodamath.com/games/walkthroughs/hoodaescapesouthcarolina2022.html]
[www.hoodamath.com/games/walkthroughs/hoodaescapesouthdakota2022.html]
[www.hoodamath.com/games/walkthroughs/hoodaescapetennessee2022.html]
[www.hoodamath.com/games/walkthroughs/hoodaescapetexas2022.html]
[www.hoodamath.com/games/walkthroughs/hoodaescapeutah2022.html]
[www.hoodamath.com/games/walkthroughs/hoodaescapevermont2022.html]
[www.hoodamath.com/games/walkthroughs/hoodaescapevirginia2022.html]
[www.hoodamath.com/games/walkthroughs/hoodaescapewashington2022.html]
[www.hoodamath.com/games/walkthroughs/hoodaescapewestvirginia2022.html]
[www.hoodamath.com/games/walkthroughs/hoodaescapewisconsin2022.html]
[www.hoodamath.com/games/walkthroughs/hoodaescapewyoming2022.html]
[www.hoodamath.com/games/walkthroughs/hoodaescapealaska.html]
[www.hoodamath.com/games/walkthroughs/hoodaescapearkansas.html]
[www.hoodamath.com/games/walkthroughs/hoodaescapecalifornia.html]
[www.hoodamath.com/games/walkthroughs/hoodaescapeconnecticut.html]
[www.hoodamath.com/games/walkthroughs/hoodaescapedelaware.html]
[www.hoodamath.com/games/walkthroughs/hoodaescapeflorida.html]
[www.hoodamath.com/games/walkthroughs/hoodaescapegeorgia.html]
[www.hoodamath.com/games/walkthroughs/hoodaescapehawaii.html]
[www.hoodamath.com/games/walkthroughs/hoodaescapeidaho.html]
[www.hoodamath.com/games/walkthroughs/hoodaescapeillinois.html]
[www.hoodamath.com/games/walkthroughs/hoodaescapeindiana.html]
[www.hoodamath.com/games/walkthroughs/hoodaescapeiowa.html]
[www.hoodamath.com/games/walkthroughs/hoodaescapekansas.html]
[www.hoodamath.com/games/walkthroughs/hoodaescapelouisiana.html]
[www.hoodamath.com/games/walkthroughs/hoodaescapemaine.html]
[www.hoodamath.com/games/walkthroughs/hoodaescapemaryland.html]
[www.hoodamath.com/games/walkthroughs/hoodaescapemichigan.html]
[www.hoodamath.com/games/walkthroughs/hoodaescapemississippi.html]
[www.hoodamath.com/games/walkthroughs/hoodaescapemissouri.html]
[www.hoodamath.com/games/walkthroughs/hoodaescapenebraska.html]
[www.hoodamath.com/games/walkthroughs/hoodaescapenewjersey.html]
[www.hoodamath.com/games/walkthroughs/hoodaescapenewmexico.html]
[www.hoodamath.com/games/walkthroughs/hoodaescapenorthcarolina.html]
[www.hoodamath.com/games/walkthroughs/hoodaescapeohio.html]
[www.hoodamath.com/games/walkthroughs/hoodaescapeoregon.html]
[www.hoodamath.com/games/walkthroughs/hoodaescapepennsylvania.html]
[www.hoodamath.com/games/walkthroughs/hoodaescaperhodeisland.html]
[www.hoodamath.com/games/walkthroughs/hoodaescapesouthcarolina.html]
[www.hoodamath.com/games/walkthroughs/hoodaescapesouthdakota.html]
[www.hoodamath.com/games/walkthroughs/hoodaescapetennessee.html]
[www.hoodamath.com/games/walkthroughs/hoodaescapeutah.html]
[www.hoodamath.com/games/walkthroughs/hoodaescapewashington.html]
[www.hoodamath.com/games/walkthroughs/hoodaescapewestvirginia.html]
[www.hoodamath.com/games/walkthroughs/hoodaescapewyoming.html]
[www.hoodamath.com/games/walkthroughs/hoodamathescaperoomalbany.html]
[www.hoodamath.com/games/walkthroughs/hoodamathescaperoomannapolis.html]
[www.hoodamath.com/games/walkthroughs/hoodamathescaperoomatlanta.html]
[www.hoodamath.com/games/walkthroughs/hoodaescapeaugusta.html]
[www.hoodamath.com/games/walkthroughs/hoodamathescaperoomaustin.html]
[www.hoodamath.com/games/walkthroughs/hoodamathescaperoombatonrouge.html]
[www.hoodamath.com/games/walkthroughs/hoodamathescaperoombismarck.html]
[www.hoodamath.com/games/walkthroughs/hoodaescapeboise.html]
[www.hoodamath.com/games/walkthroughs/hoodamathescaperoomboston.html]
[www.hoodamath.com/games/walkthroughs/hoodamathescaperoomcarsoncity.html]
[www.hoodamath.com/games/walkthroughs/hoodamathescaperoomcharleston.html]
[www.hoodamath.com/games/walkthroughs/hoodaescapecheyenne.html]
[www.hoodamath.com/games/walkthroughs/hoodaescapecolumbia.html]
[www.hoodamath.com/games/walkthroughs/hoodamathescaperoomcolumbus.html]
[www.hoodamath.com/games/walkthroughs/hoodamathescaperoomconcord.html]
[www.hoodamath.com/games/walkthroughs/findhqdenver.html]
[www.hoodamath.com/games/walkthroughs/hoodamathescaperoomdesmoines.html]
[www.hoodamath.com/games/walkthroughs/hoodamathescaperoomdover.html]
[www.hoodamath.com/games/walkthroughs/hoodamathescaperoomfrankfort.html]
[www.hoodamath.com/games/walkthroughs/hoodamathescaperoomharrisburg.html]
[www.hoodamath.com/games/walkthroughs/hoodamathescaperoomhartford.html]
[www.hoodamath.com/games/walkthroughs/hoodamathescaperoomhelena.html]
[www.hoodamath.com/games/walkthroughs/findhqhonolulu.html]
[www.hoodamath.com/games/walkthroughs/hoodaescapeindianapolis.html]
[www.hoodamath.com/games/walkthroughs/hoodaescapejackson.html]
[www.hoodamath.com/games/walkthroughs/hoodamathescaperoomjeffersoncity.html]
[www.hoodamath.com/games/walkthroughs/hoodaescapejuneau.html]
[www.hoodamath.com/games/walkthroughs/hoodamathescaperoomlansing.html]
[www.hoodamath.com/games/walkthroughs/hoodamathescaperoomlincoln.html]
[www.hoodamath.com/games/walkthroughs/hoodaescapelittlerock.html]
[www.hoodamath.com/games/walkthroughs/hoodaescapemadison.html]
[www.hoodamath.com/games/walkthroughs/hoodamathescaperoommontgomery.html]
[www.hoodamath.com/games/walkthroughs/hoodamathescaperoommontpelier.html]
[www.hoodamath.com/games/walkthroughs/findhqnashville.html]
[www.hoodamath.com/games/walkthroughs/hoodamathescaperoomoklahomacity.html]
[www.hoodamath.com/games/walkthroughs/hoodaescapeolympia.html]
[www.hoodamath.com/games/walkthroughs/hoodaescapephoenix.html]
[www.hoodamath.com/games/walkthroughs/hoodamathescaperoompierre.html]
[www.hoodamath.com/games/walkthroughs/hoodamathescaperoomprovidence.html]
[www.hoodamath.com/games/walkthroughs/hoodamathescaperoomraleigh.html]
[www.hoodamath.com/games/walkthroughs/hoodamathescaperoomrichmond.html]
[www.hoodamath.com/games/walkthroughs/hoodaescapesacramento.html]
[www.hoodamath.com/games/walkthroughs/hoodaescapesalem.html]
[www.hoodamath.com/games/walkthroughs/hoodamathescaperoomsaltlakecity.html]
[www.hoodamath.com/games/walkthroughs/findhqsantafe.html]
[www.hoodamath.com/games/walkthroughs/hoodamathescaperoomspringfield.html]
[www.hoodamath.com/games/walkthroughs/hoodamathescaperoomstpaul.html]
[www.hoodamath.com/games/walkthroughs/hoodaescapetallahassee.html]
[www.hoodamath.com/games/walkthroughs/hoodaescapetopeka.html]
[www.hoodamath.com/games/walkthroughs/hoodamathescaperoomtrenton.html]
[www.hoodamath.com/games/walkthroughs/hoodaroomescape1.html]
[www.hoodamath.com/games/walkthroughs/hoodaroomescape3.html]
[www.hoodamath.com/games/walkthroughs/hoodaroomescape5.html]
[www.hoodamath.com/games/walkthroughs/findmydodgeballkitchen.html]
[www.hoodamath.com/games/walkthroughs/findmysoccerballalcatraz.html]
[www.hoodamath.com/games/walkthroughs/findmysoftballbackyard.html]
[www.hoodamath.com/games/walkthroughs/findmybaseballbathroom.html]
[www.hoodamath.com/games/walkthroughs/findmybeachballbeach.html]
[www.hoodamath.com/games/walkthroughs/findmyfootballhotel.html]
[www.hoodamath.com/games/walkthroughs/findmyvolleyballnewyork.html]
[www.hoodamath.com/games/index-2.html]
[www.hoodamath.com/games/blockremoval.html]
[www.hoodamath.com/games/magictowerssolitaire.html]
[www.hoodamath.com/games/themazegame.html]
[www.hoodamath.com/games/cakeshop2.html]
[www.hoodamath.com/games/walkthroughs/escapebeijing.html]
[www.hoodamath.com/games/walkthroughs/escapeberlin.html]
[www.hoodamath.com/games/walkthroughs/escapecairo.html]
[www.hoodamath.com/games/walkthroughs/escapelondon.html]
[www.hoodamath.com/games/walkthroughs/escapemoscow.html]
[www.hoodamath.com/games/walkthroughs/escapeprague.html]
[www.hoodamath.com/games/walkthroughs/escapesantiago.html]
[www.hoodamath.com/games/walkthroughs/hoodaescape3rdgradefieldtripchickenfarm.html]
[www.hoodamath.com/games/totemdestroyer.html]
[www.hoodamath.com/games/orangealert.html]
[www.hoodamath.com/games/redstarfall.html]
[www.hoodamath.com/games/redstarfallpro.html]
[www.hoodamath.com/games/sqirlz.html]
[www.hoodamath.com/games/werebox.html]
[www.hoodamath.com/games/walkthroughs/orangealert.html]
